Archive member included to satisfy reference by file (symbol)

D:\Ravikala\IOT_KIT_WS\XNO_EX_FLASH_APP\XNO_Elib\libXNO_LIB_V13.a(XNO_DEBUG_TASK.o)
                              ./NDP120/ilib/src/syntiant_ndp120_config.o (XNO_Printf)
D:\Ravikala\IOT_KIT_WS\XNO_EX_FLASH_APP\XNO_Elib\libXNO_LIB_V13.a(XNO_LTE_TASK.o)
                              ./Core/Src/main.o (LTE_UART_Task)
D:\Ravikala\IOT_KIT_WS\XNO_EX_FLASH_APP\XNO_Elib\libXNO_LIB_V13.a(XNO_MODEM.o)
                              D:\Ravikala\IOT_KIT_WS\XNO_EX_FLASH_APP\XNO_Elib\libXNO_LIB_V13.a(XNO_LTE_TASK.o) (retry_atcmd)
D:\Ravikala\IOT_KIT_WS\XNO_EX_FLASH_APP\XNO_Elib\libXNO_LIB_V13.a(XNO_OS_TIMERS.o)
                              ./Core/Src/SENSOR_Task.o (XNO_OSTIMER_Init)
D:\Ravikala\IOT_KIT_WS\XNO_EX_FLASH_APP\XNO_Elib\libXNO_LIB_V13.a(XNO_RING_BUFFER.o)
                              D:\Ravikala\IOT_KIT_WS\XNO_EX_FLASH_APP\XNO_Elib\libXNO_LIB_V13.a(XNO_DEBUG_TASK.o) (ringbuf_is_empty)
D:\Ravikala\IOT_KIT_WS\XNO_EX_FLASH_APP\XNO_Elib\libXNO_LIB_V13.a(XNO_UTILS.o)
                              D:\Ravikala\IOT_KIT_WS\XNO_EX_FLASH_APP\XNO_Elib\libXNO_LIB_V13.a(XNO_LTE_TASK.o) (string_compare_firstnchars)
D:\Ravikala\IOT_KIT_WS\XNO_EX_FLASH_APP\XNO_Elib\libXNO_LIB_V13.a(nuv_m2354_hal_can.o)
                              ./XNO_Elib/nuv_m2354_hal_it.o (CAN_RXTX_INT_HANDLER)
D:\Ravikala\IOT_KIT_WS\XNO_EX_FLASH_APP\XNO_Elib\libXNO_LIB_V13.a(nuv_m2354_hal_eadc.o)
                              ./XNO_Elib/nuv_m2354_hal_it.o (EADC_HANDLER)
D:\Ravikala\IOT_KIT_WS\XNO_EX_FLASH_APP\XNO_Elib\libXNO_LIB_V13.a(nuv_m2354_hal_eint.o)
                              ./XNO_Elib/nuv_m2354_hal_it.o (EINT_HANDLER)
D:\Ravikala\IOT_KIT_WS\XNO_EX_FLASH_APP\XNO_Elib\libXNO_LIB_V13.a(nuv_m2354_hal_master_spi.o)
                              ./Core/Src/SENSOR_Task.o (XNO_SPI_Init)
D:\Ravikala\IOT_KIT_WS\XNO_EX_FLASH_APP\XNO_Elib\libXNO_LIB_V13.a(nuv_m2354_hal_msp.o)
                              ./Core/Src/main.o (XNO_Extclk_sys_init)
D:\Ravikala\IOT_KIT_WS\XNO_EX_FLASH_APP\XNO_Elib\libXNO_LIB_V13.a(nuv_m2354_hal_uart.o)
                              ./XNO_Elib/nuv_m2354_hal_it.o (UART_RXTX_INT_HANDLER)
D:\Ravikala\IOT_KIT_WS\XNO_EX_FLASH_APP\XNO_Elib\libXNO_LIB_V13.a(nuv_m2354_hal_wdt.o)
                              ./Core/Src/ATcmds.o (XNO_WDG_Init)
D:\Ravikala\IOT_KIT_WS\XNO_EX_FLASH_APP\XNO_Elib\libXNO_LIB_V13.a(AT_Parser.o)
                              D:\Ravikala\IOT_KIT_WS\XNO_EX_FLASH_APP\XNO_Elib\libXNO_LIB_V13.a(XNO_DEBUG_TASK.o) (xno_atcmd_ext_list_ptr)
D:\Ravikala\IOT_KIT_WS\XNO_EX_FLASH_APP\XNO_Elib\libXNO_LIB_V13.a(LTE.o)
                              D:\Ravikala\IOT_KIT_WS\XNO_EX_FLASH_APP\XNO_Elib\libXNO_LIB_V13.a(XNO_MODEM.o) (XNO_LTE_Modem_Power_ON)
D:\Ravikala\IOT_KIT_WS\XNO_EX_FLASH_APP\XNO_Elib\libXNO_LIB_V13.a(WIFI.o)
                              D:\Ravikala\IOT_KIT_WS\XNO_EX_FLASH_APP\XNO_Elib\libXNO_LIB_V13.a(XNO_MODEM.o) (XNO_WIFI_Modem_Reset)
D:\Ravikala\IOT_KIT_WS\XNO_EX_FLASH_APP\XNO_Elib\libXNO_LIB_V13.a(XNO_WIFI_TASK.o)
                              D:\Ravikala\IOT_KIT_WS\XNO_EX_FLASH_APP\XNO_Elib\libXNO_LIB_V13.a(WIFI.o) (wifi_ctx)
D:\Ravikala\IOT_KIT_WS\XNO_EX_FLASH_APP\XNO_Elib\libXNO_LIB_V13.a(BLE.o)
                              D:\Ravikala\IOT_KIT_WS\XNO_EX_FLASH_APP\XNO_Elib\libXNO_LIB_V13.a(XNO_WIFI_TASK.o) (ble_event_func)
D:\Ravikala\IOT_KIT_WS\XNO_EX_FLASH_APP\XNO_Elib\libXNO_LIB_V13.a(XNO_BLE.o)
                              D:\Ravikala\IOT_KIT_WS\XNO_EX_FLASH_APP\XNO_Elib\libXNO_LIB_V13.a(BLE.o) (ble_receive_cb)
D:\Ravikala\IOT_KIT_WS\XNO_EX_FLASH_APP\XNO_Elib\libXNO_LIB_V13.a(XNO_HTTP.o)
                              D:\Ravikala\IOT_KIT_WS\XNO_EX_FLASH_APP\XNO_Elib\libXNO_LIB_V13.a(XNO_WIFI_TASK.o) (XNO_WIFI_http_receive_cb)
D:\Ravikala\IOT_KIT_WS\XNO_EX_FLASH_APP\XNO_Elib\libXNO_LIB_V13.a(XNO_MQTT.o)
                              D:\Ravikala\IOT_KIT_WS\XNO_EX_FLASH_APP\XNO_Elib\libXNO_LIB_V13.a(XNO_WIFI_TASK.o) (XNO_WIFI_mqtt_receive_cb)
D:\Ravikala\IOT_KIT_WS\XNO_EX_FLASH_APP\XNO_Elib\libXNO_LIB_V13.a(XNO_SOCKET.o)
                              D:\Ravikala\IOT_KIT_WS\XNO_EX_FLASH_APP\XNO_Elib\libXNO_LIB_V13.a(XNO_WIFI_TASK.o) (XNO_WIFI_soc_receive_cb)
D:\Ravikala\IOT_KIT_WS\XNO_EX_FLASH_APP\XNO_Elib\libXNO_LIB_V13.a(LTE_HTTP.o)
                              D:\Ravikala\IOT_KIT_WS\XNO_EX_FLASH_APP\XNO_Elib\libXNO_LIB_V13.a(XNO_HTTP.o) (XNO_LTE_HTTP_Init)
D:\Ravikala\IOT_KIT_WS\XNO_EX_FLASH_APP\XNO_Elib\libXNO_LIB_V13.a(LTE_TCP.o)
                              D:\Ravikala\IOT_KIT_WS\XNO_EX_FLASH_APP\XNO_Elib\libXNO_LIB_V13.a(XNO_SOCKET.o) (XNO_LTE_Network_Open)
D:\Ravikala\IOT_KIT_WS\XNO_EX_FLASH_APP\XNO_Elib\libXNO_LIB_V13.a(WIFI_HTTP.o)
                              D:\Ravikala\IOT_KIT_WS\XNO_EX_FLASH_APP\XNO_Elib\libXNO_LIB_V13.a(XNO_HTTP.o) (XNO_HTTP_Client_Set_Header)
D:\Ravikala\IOT_KIT_WS\XNO_EX_FLASH_APP\XNO_Elib\libXNO_LIB_V13.a(WIFI_MQTT.o)
[...]
Memory Configuration

Name             Origin             Length             Attributes
FLASH            0x00000000         0x00037000         xr
m_data           0x00051000         0x00000800         xrw
RAM              0x20000000         0x00040000         xrw
*default*        0x00000000         0xffffffff

Linker script and memory map

LOAD c:/program files (x86)/gnu tools arm embedded/6 2017-q1-update/bin/../lib/gcc/arm-none-eabi/6.3.1/thumb/v8-m.base/crti.o
LOAD c:/program files (x86)/gnu tools arm embedded/6 2017-q1-update/bin/../lib/gcc/arm-none-eabi/6.3.1/thumb/v8-m.base/crtbegin.o
LOAD c:/program files (x86)/gnu tools arm embedded/6 2017-q1-update/bin/../lib/gcc/arm-none-eabi/6.3.1/../../../../arm-none-eabi/lib/thumb/v8-m.base/crt0.o
LOAD ./XNO_Elib/nuv_m2354_hal_it.o
LOAD ./NDP120/ilib/src/checksum.o
LOAD ./NDP120/ilib/src/snprintf.o
LOAD ./NDP120/ilib/src/syntiant_ndp.o
LOAD ./NDP120/ilib/src/syntiant_ndp120.o
LOAD ./NDP120/ilib/src/syntiant_ndp120_config.o
LOAD ./NDP120/ilib/src/syntiant_ndp120_config_misc.o
LOAD ./NDP120/ilib/src/syntiant_ndp120_mailbox.o
LOAD ./NDP120/ilib/src/syntiant_ndp120_ph.o
LOAD ./NDP120/ilib/src/syntiant_ndp_error.o
LOAD ./NDP120/ilib/src/syntiant_package.o
LOAD ./NDP120/ilib/src/syntiant_portability.o
LOAD ./NDP120/Src/ndp120_bringup_tests.o
LOAD ./NDP120/Src/syntiant_platform.o
LOAD ./NDP120/Src/syntiant_platform_afe.o
LOAD ./NDP120/Src/syntiant_platform_audio.o
LOAD ./NDP120/Src/syntiant_platform_iif.o
LOAD ./NDP120/NDP_Sample_Demo.o
LOAD ./Middleware/FreeRTOS/portable/MemMang/heap_4.o
LOAD ./Middleware/FreeRTOS/portable/GCC/ARM_CM0/port.o
LOAD ./Middleware/FreeRTOS/croutine.o
LOAD ./Middleware/FreeRTOS/event_groups.o
LOAD ./Middleware/FreeRTOS/list.o
LOAD ./Middleware/FreeRTOS/queue.o
LOAD ./Middleware/FreeRTOS/stream_buffer.o
LOAD ./Middleware/FreeRTOS/tasks.o
LOAD ./Middleware/FreeRTOS/timers.o
LOAD ./Middleware/Drivers/src/acmp.o
LOAD ./Middleware/Drivers/src/bpwm.o
LOAD ./Middleware/Drivers/src/can.o
LOAD ./Middleware/Drivers/src/clk.o
LOAD ./Middleware/Drivers/src/crc.o
LOAD ./Middleware/Drivers/src/crypto.o
LOAD ./Middleware/Drivers/src/dac.o
LOAD ./Middleware/Drivers/src/dpm.o
LOAD ./Middleware/Drivers/src/eadc.o
LOAD ./Middleware/Drivers/src/ebi.o
LOAD ./Middleware/Drivers/src/ecap.o
LOAD ./Middleware/Drivers/src/epwm.o
LOAD ./Middleware/Drivers/src/ewdt.o
LOAD ./Middleware/Drivers/src/ewwdt.o
LOAD ./Middleware/Drivers/src/fmc.o
LOAD ./Middleware/Drivers/src/fvc.o
LOAD ./Middleware/Drivers/src/gpio.o
LOAD ./Middleware/Drivers/src/i2c.o
LOAD ./Middleware/Drivers/src/i2s.o
LOAD ./Middleware/Drivers/src/keystore.o
LOAD ./Middleware/Drivers/src/lcd.o
LOAD ./Middleware/Drivers/src/pdma.o
LOAD ./Middleware/Drivers/src/qei.o
LOAD ./Middleware/Drivers/src/qspi.o
LOAD ./Middleware/Drivers/src/retarget.o
LOAD ./Middleware/Drivers/src/rng.o
LOAD ./Middleware/Drivers/src/rtc.o
LOAD ./Middleware/Drivers/src/sc.o
LOAD ./Middleware/Drivers/src/scuart.o
LOAD ./Middleware/Drivers/src/sdh.o
LOAD ./Middleware/Drivers/src/spi.o
LOAD ./Middleware/Drivers/src/sys.o
LOAD ./Middleware/Drivers/src/tamper.o
LOAD ./Middleware/Drivers/src/timer.o
LOAD ./Middleware/Drivers/src/timer_pwm.o
LOAD ./Middleware/Drivers/src/uart.o
LOAD ./Middleware/Drivers/src/usbd.o
LOAD ./Middleware/Drivers/src/usci_i2c.o
LOAD ./Middleware/Drivers/src/usci_spi.o
LOAD ./Middleware/Drivers/src/usci_uart.o
LOAD ./Middleware/Drivers/src/wdt.o
LOAD ./Middleware/Drivers/src/wwdt.o
LOAD ./Middleware/CMSIS/GCC/_syscalls.o
LOAD ./Middleware/CMSIS/GCC/startup_M2354.o
LOAD ./Middleware/CMSIS/cmsis_os.o
LOAD ./Middleware/CMSIS/freertos_user.o
LOAD ./Middleware/CMSIS/system_M2354.o
LOAD ./Core/Src/ATcmds.o
LOAD ./Core/Src/EXT_FLASH_SPI.o
LOAD ./Core/Src/PIN_CONFIG.o
LOAD ./Core/Src/SENSOR_Task.o
LOAD ./Core/Src/main.o
LOAD D:\Ravikala\IOT_KIT_WS\XNO_EX_FLASH_APP\XNO_Elib\libXNO_LIB_V13.a
START GROUP
LOAD c:/program files (x86)/gnu tools arm embedded/6 2017-q1-update/bin/../lib/gcc/arm-none-eabi/6.3.1/thumb/v8-m.base\libgcc.a
LOAD c:/program files (x86)/gnu tools arm embedded/6 2017-q1-update/bin/../lib/gcc/arm-none-eabi/6.3.1/../../../../arm-none-eabi/lib/thumb/v8-m.base\libg_nano.a
LOAD c:/program files (x86)/gnu tools arm embedded/6 2017-q1-update/bin/../lib/gcc/arm-none-eabi/6.3.1/../../../../arm-none-eabi/lib/thumb/v8-m.base\libc_nano.a
END GROUP
START GROUP
LOAD c:/program files (x86)/gnu tools arm embedded/6 2017-q1-update/bin/../lib/gcc/arm-none-eabi/6.3.1/thumb/v8-m.base\libgcc.a
LOAD c:/program files (x86)/gnu tools arm embedded/6 2017-q1-update/bin/../lib/gcc/arm-none-eabi/6.3.1/../../../../arm-none-eabi/lib/thumb/v8-m.base\libc_nano.a
END GROUP
LOAD c:/program files (x86)/gnu tools arm embedded/6 2017-q1-update/bin/../lib/gcc/arm-none-eabi/6.3.1/thumb/v8-m.base/crtend.o
LOAD c:/program files (x86)/gnu tools arm embedded/6 2017-q1-update/bin/../lib/gcc/arm-none-eabi/6.3.1/thumb/v8-m.base/crtn.o
                0x00000000                APP_START_ADDR = 0x0
                0x00037000                APP_LENGTH = 0x37000
                0x00036fff                APP_LENGTH_1 = (APP_LENGTH - 0x1)
                0x00000800                FW_STS_MEM_SIZE = 0x800
                0x00036000                FW_STS_MEM_START = ((APP_START_ADDR + APP_LENGTH) - (0x2 * FW_STS_MEM_SIZE))
                0x00036000                __FW_STS_MEM = FW_STS_MEM_START
                0x00038000                __MAIN_APP_MEM = 0x38000
                0x00077000                __MAIN_APP_FWSTS_MEM = 0x77000
START GROUP
LOAD c:/program files (x86)/gnu tools arm embedded/6 2017-q1-update/bin/../lib/gcc/arm-none-eabi/6.3.1/thumb/v8-m.base\libgcc.a
LOAD c:/program files (x86)/gnu tools arm embedded/6 2017-q1-update/bin/../lib/gcc/arm-none-eabi/6.3.1/../../../../arm-none-eabi/lib/thumb/v8-m.base\libc.a
LOAD c:/program files (x86)/gnu tools arm embedded/6 2017-q1-update/bin/../lib/gcc/arm-none-eabi/6.3.1/../../../../arm-none-eabi/lib/thumb/v8-m.base\libm.a
LOAD c:/program files (x86)/gnu tools arm embedded/6 2017-q1-update/bin/../lib/gcc/arm-none-eabi/6.3.1/../../../../arm-none-eabi/lib/thumb/v8-m.base\libnosys.a
END GROUP

.text           0x00000000     0xaa00
 *(.vectors)
 .vectors       0x00000000      0x210 ./Middleware/CMSIS/GCC/startup_M2354.o
                0x00000000                __Vectors
                0x00000210                __Vectors_End = .
                0x00000210                __Vectors_Size = (__Vectors_End - __Vectors)
                0x00000210                __end__ = .
 *(.text*)
 .text          0x00000210       0x58 c:/program files (x86)/gnu tools arm embedded/6 2017-q1-update/bin/../lib/gcc/arm-none-eabi/6.3.1/thumb/v8-m.base/crtbegin.o
 .text          0x00000268       0x78 c:/program files (x86)/gnu tools arm embedded/6 2017-q1-update/bin/../lib/gcc/arm-none-eabi/6.3.1/../../../../arm-none-eabi/lib/thumb/v8-m.base/crt0.o
                0x00000268                _start
                0x00000268                _mainCRTStartup
 .text.UART0_IRQHandler
                0x000002e0        0xa ./XNO_Elib/nuv_m2354_hal_it.o
                0x000002e0                UART0_IRQHandler
 .text.UART1_IRQHandler
                0x000002ea        0xa ./XNO_Elib/nuv_m2354_hal_it.o
                0x000002ea                UART1_IRQHandler
 .text.UART2_IRQHandler
                0x000002f4        0xa ./XNO_Elib/nuv_m2354_hal_it.o
                0x000002f4                UART2_IRQHandler
 .text.UART3_IRQHandler
                0x000002fe        0xa ./XNO_Elib/nuv_m2354_hal_it.o
                0x000002fe                UART3_IRQHandler
 .text.CAN0_IRQHandler
                0x00000308        0xa ./XNO_Elib/nuv_m2354_hal_it.o
                0x00000308                CAN0_IRQHandler
 .text.EINT0_IRQHandler
                0x00000312        0xa ./XNO_Elib/nuv_m2354_hal_it.o
                0x00000312                EINT0_IRQHandler
 .text.EINT1_IRQHandler
                0x0000031c        0xa ./XNO_Elib/nuv_m2354_hal_it.o
                0x0000031c                EINT1_IRQHandler
 .text.EINT2_IRQHandler
                0x00000326        0xa ./XNO_Elib/nuv_m2354_hal_it.o
                0x00000326                EINT2_IRQHandler
 .text.EINT3_IRQHandler
                0x00000330        0xa ./XNO_Elib/nuv_m2354_hal_it.o
                0x00000330                EINT3_IRQHandler
 .text.EADC0_IRQHandler
                0x0000033a        0xc ./XNO_Elib/nuv_m2354_hal_it.o
                0x0000033a                EADC0_IRQHandler
 .text.EADC1_IRQHandler
                0x00000346        0xc ./XNO_Elib/nuv_m2354_hal_it.o
                0x00000346                EADC1_IRQHandler
 .text.EADC2_IRQHandler
                0x00000352        0xc ./XNO_Elib/nuv_m2354_hal_it.o
                0x00000352                EADC2_IRQHandler
 .text.EADC3_IRQHandler
                0x0000035e        0xc ./XNO_Elib/nuv_m2354_hal_it.o
                0x0000035e                EADC3_IRQHandler
 *fill*         0x0000036a        0x2 
 .text.prvHeapInit
                0x0000036c       0x64 ./Middleware/FreeRTOS/portable/MemMang/heap_4.o
 .text.prvInsertBlockIntoFreeList
                0x000003d0       0x54 ./Middleware/FreeRTOS/portable/MemMang/heap_4.o
 .text.pvPortMalloc
                0x00000424      0x104 ./Middleware/FreeRTOS/portable/MemMang/heap_4.o
                0x00000424                pvPortMalloc
 .text.vPortFree
                0x00000528       0x5c ./Middleware/FreeRTOS/portable/MemMang/heap_4.o
                0x00000528                vPortFree
 .text.prvTaskExitError
                0x00000584       0x24 ./Middleware/FreeRTOS/portable/GCC/ARM_CM0/port.o
 *fill*         0x000005a8        0x8 
 .text.vPortStartFirstTask
                0x000005b0       0x34 ./Middleware/FreeRTOS/portable/GCC/ARM_CM0/port.o
 .text.pxPortInitialiseStack
                0x000005e4       0x20 ./Middleware/FreeRTOS/portable/GCC/ARM_CM0/port.o
                0x000005e4                pxPortInitialiseStack
 .text.vPortYield
                0x00000604       0x18 ./Middleware/FreeRTOS/portable/GCC/ARM_CM0/port.o
                0x00000604                vPortYield
 .text.vPortEnterCritical
                0x0000061c       0x18 ./Middleware/FreeRTOS/portable/GCC/ARM_CM0/port.o
                0x0000061c                vPortEnterCritical
 .text.vPortExitCritical
                0x00000634       0x1c ./Middleware/FreeRTOS/portable/GCC/ARM_CM0/port.o
                0x00000634                vPortExitCritical
 .text.ulSetInterruptMaskFromISR
                0x00000650        0x8 ./Middleware/FreeRTOS/portable/GCC/ARM_CM0/port.o
                0x00000650                ulSetInterruptMaskFromISR
 .text.vClearInterruptMaskFromISR
                0x00000658        0x6 ./Middleware/FreeRTOS/portable/GCC/ARM_CM0/port.o
                0x00000658                vClearInterruptMaskFromISR
 *fill*         0x0000065e        0x2 
 .text.PendSV_Handler
                0x00000660       0x44 ./Middleware/FreeRTOS/portable/GCC/ARM_CM0/port.o
                0x00000660                PendSV_Handler
 .text.SysTick_Handler
                0x000006a4       0x24 ./Middleware/FreeRTOS/portable/GCC/ARM_CM0/port.o
                0x000006a4                SysTick_Handler
 .text.vPortSetupTimerInterrupt
                0x000006c8       0x34 ./Middleware/FreeRTOS/portable/GCC/ARM_CM0/port.o
                0x000006c8                vPortSetupTimerInterrupt
 .text.xPortStartScheduler
                0x000006fc       0x3c ./Middleware/FreeRTOS/portable/GCC/ARM_CM0/port.o
                0x000006fc                xPortStartScheduler
 .text.vListInitialise
                0x00000738       0x16 ./Middleware/FreeRTOS/list.o
                0x00000738                vListInitialise
 .text.vListInitialiseItem
                0x0000074e        0x6 ./Middleware/FreeRTOS/list.o
                0x0000074e                vListInitialiseItem
 .text.vListInsert
                0x00000754       0x30 ./Middleware/FreeRTOS/list.o
                0x00000754                vListInsert
 .text.uxListRemove
                0x00000784       0x28 ./Middleware/FreeRTOS/list.o
                0x00000784                uxListRemove
 .text.prvGetDisinheritPriorityAfterTimeout
                0x000007ac       0x12 ./Middleware/FreeRTOS/queue.o
 .text.prvIsQueueFull
                0x000007be       0x1e ./Middleware/FreeRTOS/queue.o
 .text.prvIsQueueEmpty
                0x000007dc       0x1a ./Middleware/FreeRTOS/queue.o
 .text.prvCopyDataToQueue
                0x000007f6       0x7c ./Middleware/FreeRTOS/queue.o
 .text.prvNotifyQueueSetContainer
                0x00000872       0x66 ./Middleware/FreeRTOS/queue.o
 .text.prvCopyDataFromQueue
                0x000008d8       0x22 ./Middleware/FreeRTOS/queue.o
 .text.prvUnlockQueue
                0x000008fa       0x82 ./Middleware/FreeRTOS/queue.o
 .text.xQueueGenericReset
                0x0000097c       0x84 ./Middleware/FreeRTOS/queue.o
                0x0000097c                xQueueGenericReset
 .text.prvInitialiseNewQueue
                0x00000a00       0x24 ./Middleware/FreeRTOS/queue.o
 .text.xQueueGenericCreate
                0x00000a24       0x46 ./Middleware/FreeRTOS/queue.o
                0x00000a24                xQueueGenericCreate
 .text.xQueueCreateCountingSemaphore
                0x00000a6a       0x1c ./Middleware/FreeRTOS/queue.o
                0x00000a6a                xQueueCreateCountingSemaphore
 .text.xQueueGenericSend
                0x00000a86      0x140 ./Middleware/FreeRTOS/queue.o
                0x00000a86                xQueueGenericSend
 .text.xQueueGenericSendFromISR
                0x00000bc6       0xe0 ./Middleware/FreeRTOS/queue.o
                0x00000bc6                xQueueGenericSendFromISR
 .text.xQueueGiveFromISR
                0x00000ca6       0xaa ./Middleware/FreeRTOS/queue.o
                0x00000ca6                xQueueGiveFromISR
 .text.xQueueReceive
                0x00000d50      0x112 ./Middleware/FreeRTOS/queue.o
                0x00000d50                xQueueReceive
 .text.xQueueSemaphoreTake
                0x00000e62      0x148 ./Middleware/FreeRTOS/queue.o
                0x00000e62                xQueueSemaphoreTake
 .text.xQueueReceiveFromISR
                0x00000faa       0x8e ./Middleware/FreeRTOS/queue.o
                0x00000faa                xQueueReceiveFromISR
 .text.vQueueAddToRegistry
                0x00001038       0x4c ./Middleware/FreeRTOS/queue.o
                0x00001038                vQueueAddToRegistry
 .text.vQueueWaitForMessageRestricted
                0x00001084       0x4e ./Middleware/FreeRTOS/queue.o
                0x00001084                vQueueWaitForMessageRestricted
 *fill*         0x000010d2        0x2 
 .text.prvResetNextTaskUnblockTime
                0x000010d4       0x28 ./Middleware/FreeRTOS/tasks.o
 .text.prvDeleteTCB
                0x000010fc       0x12 ./Middleware/FreeRTOS/tasks.o
 *fill*         0x0000110e        0x2 
 .text.prvInitialiseNewTask
                0x00001110       0xbc ./Middleware/FreeRTOS/tasks.o
 .text.prvInitialiseTaskLists
                0x000011cc       0x68 ./Middleware/FreeRTOS/tasks.o
 .text.prvAddNewTaskToReadyList
                0x00001234       0xc0 ./Middleware/FreeRTOS/tasks.o
 .text.prvCheckTasksWaitingTermination
                0x000012f4       0x44 ./Middleware/FreeRTOS/tasks.o
 .text.prvIdleTask
                0x00001338       0x18 ./Middleware/FreeRTOS/tasks.o
 .text.prvAddCurrentTaskToDelayedList
                0x00001350       0x98 ./Middleware/FreeRTOS/tasks.o
 .text.xTaskCreate
                0x000013e8       0x5c ./Middleware/FreeRTOS/tasks.o
                0x000013e8                xTaskCreate
 .text.vTaskStartScheduler
                0x00001444       0x6c ./Middleware/FreeRTOS/tasks.o
                0x00001444                vTaskStartScheduler
 .text.vTaskSuspendAll
                0x000014b0       0x10 ./Middleware/FreeRTOS/tasks.o
                0x000014b0                vTaskSuspendAll
 .text.xTaskGetTickCount
                0x000014c0        0xc ./Middleware/FreeRTOS/tasks.o
                0x000014c0                xTaskGetTickCount
 .text.xTaskIncrementTick
                0x000014cc      0x180 ./Middleware/FreeRTOS/tasks.o
                0x000014cc                xTaskIncrementTick
 .text.xTaskResumeAll
                0x0000164c      0x140 ./Middleware/FreeRTOS/tasks.o
                0x0000164c                xTaskResumeAll
 .text.vTaskDelay
                0x0000178c       0x30 ./Middleware/FreeRTOS/tasks.o
                0x0000178c                vTaskDelay
 .text.vTaskSwitchContext
                0x000017bc       0xb8 ./Middleware/FreeRTOS/tasks.o
                0x000017bc                vTaskSwitchContext
 .text.vTaskPlaceOnEventList
                0x00001874       0x24 ./Middleware/FreeRTOS/tasks.o
                0x00001874                vTaskPlaceOnEventList
 .text.vTaskPlaceOnEventListRestricted
                0x00001898       0x44 ./Middleware/FreeRTOS/tasks.o
                0x00001898                vTaskPlaceOnEventListRestricted
 .text.xTaskRemoveFromEventList
                0x000018dc       0xf0 ./Middleware/FreeRTOS/tasks.o
                0x000018dc                xTaskRemoveFromEventList
 .text.vTaskInternalSetTimeOutState
                0x000019cc       0x18 ./Middleware/FreeRTOS/tasks.o
                0x000019cc                vTaskInternalSetTimeOutState
 .text.xTaskCheckForTimeOut
                0x000019e4       0x68 ./Middleware/FreeRTOS/tasks.o
                0x000019e4                xTaskCheckForTimeOut
 .text.vTaskMissedYield
                0x00001a4c        0xc ./Middleware/FreeRTOS/tasks.o
                0x00001a4c                vTaskMissedYield
 .text.xTaskGetSchedulerState
                0x00001a58       0x20 ./Middleware/FreeRTOS/tasks.o
                0x00001a58                xTaskGetSchedulerState
 .text.xTaskPriorityInherit
                0x00001a78       0xb4 ./Middleware/FreeRTOS/tasks.o
                0x00001a78                xTaskPriorityInherit
 .text.xTaskPriorityDisinherit
                0x00001b2c       0x90 ./Middleware/FreeRTOS/tasks.o
                0x00001b2c                xTaskPriorityDisinherit
 .text.vTaskPriorityDisinheritAfterTimeout
                0x00001bbc       0x9c ./Middleware/FreeRTOS/tasks.o
                0x00001bbc                vTaskPriorityDisinheritAfterTimeout
 .text.pvTaskIncrementMutexHeldCount
                0x00001c58       0x1c ./Middleware/FreeRTOS/tasks.o
                0x00001c58                pvTaskIncrementMutexHeldCount
 .text.prvGetNextExpireTime
                0x00001c74       0x20 ./Middleware/FreeRTOS/timers.o
 .text.prvInsertTimerInActiveList
                0x00001c94       0x48 ./Middleware/FreeRTOS/timers.o
 .text.prvReloadTimer
                0x00001cdc       0x2a ./Middleware/FreeRTOS/timers.o
 *fill*         0x00001d06        0x2 
 .text.prvProcessExpiredTimer
                0x00001d08       0x3c ./Middleware/FreeRTOS/timers.o
 .text.prvSwitchTimerLists
                0x00001d44       0x30 ./Middleware/FreeRTOS/timers.o
 .text.prvSampleTimeNow
                0x00001d74       0x2c ./Middleware/FreeRTOS/timers.o
 .text.prvProcessTimerOrBlockTask
                0x00001da0       0x68 ./Middleware/FreeRTOS/timers.o
 .text.prvProcessReceivedCommands
                0x00001e08       0xe0 ./Middleware/FreeRTOS/timers.o
 .text.prvTimerTask
                0x00001ee8       0x16 ./Middleware/FreeRTOS/timers.o
 *fill*         0x00001efe        0x2 
 .text.prvCheckForValidListAndQueue
                0x00001f00       0x5c ./Middleware/FreeRTOS/timers.o
 .text.prvInitialiseNewTimer
                0x00001f5c       0x3e ./Middleware/FreeRTOS/timers.o
 *fill*         0x00001f9a        0x2 
 .text.xTimerCreateTimerTask
                0x00001f9c       0x40 ./Middleware/FreeRTOS/timers.o
                0x00001f9c                xTimerCreateTimerTask
 .text.xTimerCreate
                0x00001fdc       0x34 ./Middleware/FreeRTOS/timers.o
                0x00001fdc                xTimerCreate
 .text.xTimerGenericCommand
                0x00002010       0x5c ./Middleware/FreeRTOS/timers.o
                0x00002010                xTimerGenericCommand
 .text.LockIF   0x0000206c       0x54 ./Middleware/Drivers/src/can.o
 .text.LockIF_TL
                0x000020c0       0x24 ./Middleware/Drivers/src/can.o
 .text.ReleaseIF
                0x000020e4       0x28 ./Middleware/Drivers/src/can.o
 .text.CAN_IsNewDataReceived
                0x0000210c       0x22 ./Middleware/Drivers/src/can.o
                0x0000210c                CAN_IsNewDataReceived
 *fill*         0x0000212e        0x2 
 .text.CAN_BasicReceiveMsg
                0x00002130       0xa0 ./Middleware/Drivers/src/can.o
                0x00002130                CAN_BasicReceiveMsg
 .text.CAN_ReadMsgObj
                0x000021d0      0x10c ./Middleware/Drivers/src/can.o
                0x000021d0                CAN_ReadMsgObj
 .text.CAN_Receive
                0x000022dc       0x24 ./Middleware/Drivers/src/can.o
                0x000022dc                CAN_Receive
 .text.CAN_CLR_INT_PENDING_BIT
                0x00002300       0x2c ./Middleware/Drivers/src/can.o
                0x00002300                CAN_CLR_INT_PENDING_BIT
 .text.CLK_GetHCLKFreq
                0x0000232c       0x10 ./Middleware/Drivers/src/clk.o
                0x0000232c                CLK_GetHCLKFreq
 .text.CLK_GetPCLK0Freq
                0x0000233c       0x10 ./Middleware/Drivers/src/clk.o
                0x0000233c                CLK_GetPCLK0Freq
 .text.CLK_GetPCLK1Freq
                0x0000234c       0x10 ./Middleware/Drivers/src/clk.o
                0x0000234c                CLK_GetPCLK1Freq
 .text.CLK_GetCPUFreq
                0x0000235c      0x10c ./Middleware/Drivers/src/clk.o
                0x0000235c                CLK_GetCPUFreq
 .text.CLK_SetModuleClock
                0x00002468       0xd0 ./Middleware/Drivers/src/clk.o
                0x00002468                CLK_SetModuleClock
 .text.CLK_EnableXtalRC
                0x00002538       0x10 ./Middleware/Drivers/src/clk.o
                0x00002538                CLK_EnableXtalRC
 .text.CLK_EnableModuleClock
                0x00002548       0x20 ./Middleware/Drivers/src/clk.o
                0x00002548                CLK_EnableModuleClock
 .text.CLK_WaitClockReady
                0x00002568       0x28 ./Middleware/Drivers/src/clk.o
                0x00002568                CLK_WaitClockReady
 .text.CLK_SetHCLK
                0x00002590      0x18c ./Middleware/Drivers/src/clk.o
                0x00002590                CLK_SetHCLK
 .text.CLK_EnablePLL
                0x0000271c      0x158 ./Middleware/Drivers/src/clk.o
                0x0000271c                CLK_EnablePLL
 .text.CLK_SetCoreClock
                0x00002874       0x8c ./Middleware/Drivers/src/clk.o
                0x00002874                CLK_SetCoreClock
 .text.CLK_GetPLLClockFreq
                0x00002900       0x60 ./Middleware/Drivers/src/clk.o
                0x00002900                CLK_GetPLLClockFreq
 .text.CLK_GetModuleClockSource
                0x00002960       0xe4 ./Middleware/Drivers/src/clk.o
                0x00002960                CLK_GetModuleClockSource
 .text.CLK_GetModuleClockDivider
                0x00002a44       0x48 ./Middleware/Drivers/src/clk.o
                0x00002a44                CLK_GetModuleClockDivider
 .text.GPIO_SetMode
                0x00002a8c       0x2e ./Middleware/Drivers/src/gpio.o
                0x00002a8c                GPIO_SetMode
 *fill*         0x00002aba        0x2 
 .text.ProcessHardFault
                0x00002abc      0x254 ./Middleware/Drivers/src/retarget.o
                0x00002abc                ProcessHardFault
 .text.SH_Return
                0x00002d10        0x4 ./Middleware/Drivers/src/retarget.o
                0x00002d10                SH_Return
 .text._write   0x00002d14       0x40 ./Middleware/Drivers/src/retarget.o
                0x00002d14                _write
 .text._read    0x00002d54       0x18 ./Middleware/Drivers/src/retarget.o
                0x00002d54                _read
 .text.RTC_SetDateAndTime
                0x00002d6c       0xc4 ./Middleware/Drivers/src/rtc.o
                0x00002d6c                RTC_SetDateAndTime
 .text.RTC_SetClockSource
                0x00002e30       0x8c ./Middleware/Drivers/src/rtc.o
                0x00002e30                RTC_SetClockSource
 .text.SPI_Open
                0x00002ebc      0x448 ./Middleware/Drivers/src/spi.o
                0x00002ebc                SPI_Open
 .text.SPI_ClearRxFIFO
                0x00003304        0xc ./Middleware/Drivers/src/spi.o
                0x00003304                SPI_ClearRxFIFO
 .text.SPI_ClearTxFIFO
                0x00003310        0xc ./Middleware/Drivers/src/spi.o
                0x00003310                SPI_ClearTxFIFO
 .text.SPI_DisableAutoSS
                0x0000331c        0xa ./Middleware/Drivers/src/spi.o
                0x0000331c                SPI_DisableAutoSS
 *fill*         0x00003326        0x2 
 .text.SPI_SetFIFO
                0x00003328       0x18 ./Middleware/Drivers/src/spi.o
                0x00003328                SPI_SetFIFO
 .text.SYS_ResetModule
                0x00003340       0x24 ./Middleware/Drivers/src/sys.o
                0x00003340                SYS_ResetModule
 .text.UART_DisableInt
                0x00003364        0x8 ./Middleware/Drivers/src/uart.o
                0x00003364                UART_DisableInt
 .text.UART_EnableInt
                0x0000336c        0x8 ./Middleware/Drivers/src/uart.o
                0x0000336c                UART_EnableInt
 .text.UART_Open
                0x00003374      0x1d0 ./Middleware/Drivers/src/uart.o
                0x00003374                UART_Open
 .text.WDT_Open
                0x00003544       0x38 ./Middleware/Drivers/src/wdt.o
                0x00003544                WDT_Open
 .text._close   0x0000357c       0x10 ./Middleware/CMSIS/GCC/_syscalls.o
                0x0000357c                _close
 .text._fstat   0x0000358c       0x10 ./Middleware/CMSIS/GCC/_syscalls.o
                0x0000358c                _fstat
 .text._isatty  0x0000359c        0xe ./Middleware/CMSIS/GCC/_syscalls.o
                0x0000359c                _isatty
 .text._lseek   0x000035aa       0x10 ./Middleware/CMSIS/GCC/_syscalls.o
                0x000035aa                _lseek
 *fill*         0x000035ba        0x2 
 .text          0x000035bc       0x54 ./Middleware/CMSIS/GCC/startup_M2354.o
                0x000035bc                Reset_Handler
                0x000035e4                HardFault_Handler
                0x000035f4                ProcessHardFaultx
                0x000035f6                ACMP01_IRQHandler
                0x000035f6                I2C0_IRQHandler
                0x000035f6                CLKFAIL_IRQHandler
                0x000035f6                CRPT_IRQHandler
                0x000035f6                SC0_IRQHandler
                0x000035f6                USCI0_IRQHandler
                0x000035f6                NMI_Handler
                0x000035f6                I2C1_IRQHandler
                0x000035f6                SCU_IRQHandler
                0x000035f6                I2S0_IRQHandler
                0x000035f6                EINT6_IRQHandler
                0x000035f6                EPWM0_P0_IRQHandler
                0x000035f6                BRAKE1_IRQHandler
                0x000035f6                GPE_IRQHandler
                0x000035f6                EPWM0_P2_IRQHandler
                0x000035f6                USBD_IRQHandler
                0x000035f6                SC2_IRQHandler
                0x000035f6                KS_IRQHandler
                0x000035f6                GPB_IRQHandler
                0x000035f6                SPI1_IRQHandler
                0x000035f6                TAMPER_IRQHandler
                0x000035f6                TMR0_IRQHandler
                0x000035f6                USCI1_IRQHandler
                0x000035f6                SDH0_IRQHandler
                0x000035f6                QSPI0_IRQHandler
                0x000035f6                GPA_IRQHandler
                0x000035f6                IRC_IRQHandler
                0x000035f6                RTC_TAMPER_IRQHandler
                0x000035f6                EPWM1_P0_IRQHandler
                0x000035f6                I2C2_IRQHandler
                0x000035f6                PDMA0_IRQHandler
                0x000035f6                EINT7_IRQHandler
                0x000035f6                RTC_IRQHandler
                0x000035f6                PWRWU_IRQHandler
                0x000035f6                EPWM1_P1_IRQHandler
                0x000035f6                LCD_IRQHandler
                0x000035f6                UART5_IRQHandler
                0x000035f6                BPWM1_IRQHandler
                0x000035f6                GPH_IRQHandler
                0x000035f6                UART4_IRQHandler
                0x000035f6                GPC_IRQHandler
                0x000035f6                Default_Handler
                0x000035f6                WWDT_IRQHandler
                0x000035f6                TMR5_IRQHandler
                0x000035f6                QEI1_IRQHandler
                0x000035f6                TMR2_IRQHandler
                0x000035f6                EPWM0_P1_IRQHandler
                0x000035f6                SRAM_IRQHandler
                0x000035f6                ECAP0_IRQHandler
                0x000035f6                QEI0_IRQHandler
                0x000035f6                BPWM0_IRQHandler
                0x000035f6                BOD_IRQHandler
                0x000035f6                SPI2_IRQHandler
                0x000035f6                EPWM1_P2_IRQHandler
                0x000035f6                WDT_IRQHandler
                0x000035f6                SVC_Handler
                0x000035f6                USBOTG_IRQHandler
                0x000035f6                OPA0_IRQHandler
                0x000035f6                EWWDT_IRQHandler
                0x000035f6                EINT4_IRQHandler
                0x000035f6                NS_ISP_IRQHandler
                0x000035f6                SC1_IRQHandler
                0x000035f6                TMR4_IRQHandler
                0x000035f6                EINT5_IRQHandler
                0x000035f6                GPG_IRQHandler
                0x000035f6                PDMA1_IRQHandler
                0x000035f6                TMR3_IRQHandler
                0x000035f6                BRAKE0_IRQHandler
                0x000035f6                DAC_IRQHandler
                0x000035f6                SPI0_IRQHandler
                0x000035f6                GPD_IRQHandler
                0x000035f6                ECAP1_IRQHandler
                0x000035f6                EWDT_IRQHandler
                0x000035f6                GPF_IRQHandler
                0x000035f6                SPI3_IRQHandler
                0x000035f6                TMR1_IRQHandler
                0x000035f6                TRNG_IRQHandler
                0x000035f6                USBH_IRQHandler
                0x00003604                __PC
 .text.makeFreeRtosPriority
                0x00003610        0xc ./Middleware/CMSIS/cmsis_os.o
 .text.inHandlerMode
                0x0000361c        0xa ./Middleware/CMSIS/cmsis_os.o
 .text.osKernelStart
                0x00003626        0xa ./Middleware/CMSIS/cmsis_os.o
                0x00003626                osKernelStart
 .text.osThreadCreate
                0x00003630       0x34 ./Middleware/CMSIS/cmsis_os.o
                0x00003630                osThreadCreate
 .text.osDelay  0x00003664       0x10 ./Middleware/CMSIS/cmsis_os.o
                0x00003664                osDelay
 .text.osTimerCreate
                0x00003674       0x24 ./Middleware/CMSIS/cmsis_os.o
                0x00003674                osTimerCreate
 .text.osTimerStart
                0x00003698       0x64 ./Middleware/CMSIS/cmsis_os.o
                0x00003698                osTimerStart
 .text.osTimerStop
                0x000036fc       0x5c ./Middleware/CMSIS/cmsis_os.o
                0x000036fc                osTimerStop
 .text.osSemaphoreCreate
                0x00003758       0x2c ./Middleware/CMSIS/cmsis_os.o
                0x00003758                osSemaphoreCreate
 .text.osSemaphoreWait
                0x00003784       0x6c ./Middleware/CMSIS/cmsis_os.o
                0x00003784                osSemaphoreWait
 .text.osSemaphoreRelease
                0x000037f0       0x54 ./Middleware/CMSIS/cmsis_os.o
                0x000037f0                osSemaphoreRelease
 .text.vApplicationMallocFailedHook
                0x00003844        0x4 ./Middleware/CMSIS/freertos_user.o
                0x00003844                vApplicationMallocFailedHook
 .text.vApplicationStackOverflowHook
                0x00003848        0x4 ./Middleware/CMSIS/freertos_user.o
                0x00003848                vApplicationStackOverflowHook
 .text.vApplicationTickHook
                0x0000384c        0x2 ./Middleware/CMSIS/freertos_user.o
                0x0000384c                vApplicationTickHook
 *fill*         0x0000384e        0x2 
 .text.SystemCoreClockUpdate
                0x00003850       0x38 ./Middleware/CMSIS/system_M2354.o
                0x00003850                SystemCoreClockUpdate
 .text.SystemInit
                0x00003888       0x50 ./Middleware/CMSIS/system_M2354.o
                0x00003888                SystemInit
 .text.execute_escchar_cmd_ext
                0x000038d8       0x18 ./Core/Src/ATcmds.o
                0x000038d8                execute_escchar_cmd_ext
 .text.execute_atprop_cmd_ext
                0x000038f0      0x398 ./Core/Src/ATcmds.o
                0x000038f0                execute_atprop_cmd_ext
 .text.W25Q_Read_RDSR
                0x00003c88       0x34 ./Core/Src/EXT_FLASH_SPI.o
                0x00003c88                W25Q_Read_RDSR
 .text.wait_for_WREN
                0x00003cbc       0x1c ./Core/Src/EXT_FLASH_SPI.o
 .text.wait_for_WIP
                0x00003cd8       0x24 ./Core/Src/EXT_FLASH_SPI.o
 .text.W25Q_WREN
                0x00003cfc       0x28 ./Core/Src/EXT_FLASH_SPI.o
                0x00003cfc                W25Q_WREN
 .text.W25Q_SPI_Read
                0x00003d24       0x78 ./Core/Src/EXT_FLASH_SPI.o
                0x00003d24                W25Q_SPI_Read
 .text.W25Q_SPI_Write
                0x00003d9c       0x60 ./Core/Src/EXT_FLASH_SPI.o
                0x00003d9c                W25Q_SPI_Write
 .text.W25Q_Read_CHIPID
                0x00003dfc       0x44 ./Core/Src/EXT_FLASH_SPI.o
                0x00003dfc                W25Q_Read_CHIPID
 .text.W25Q_Sector_Erase
                0x00003e40       0x34 ./Core/Src/EXT_FLASH_SPI.o
                0x00003e40                W25Q_Sector_Erase
 .text.W25Q_Erase_Sectors
                0x00003e74       0x34 ./Core/Src/EXT_FLASH_SPI.o
                0x00003e74                W25Q_Erase_Sectors
 .text.W25Q_RDWR_test
                0x00003ea8       0xbc ./Core/Src/EXT_FLASH_SPI.o
                0x00003ea8                W25Q_RDWR_test
 .text.W25Q_test
                0x00003f64       0x24 ./Core/Src/EXT_FLASH_SPI.o
                0x00003f64                W25Q_test
 .text.LTE_Modem_GPIO_init
                0x00003f88       0xb4 ./Core/Src/PIN_CONFIG.o
                0x00003f88                LTE_Modem_GPIO_init
 .text.LTE_EVK_GPIO_Init
                0x0000403c       0x7c ./Core/Src/PIN_CONFIG.o
                0x0000403c                LTE_EVK_GPIO_Init
 .text.DBG_GPIO_init
                0x000040b8       0x1c ./Core/Src/PIN_CONFIG.o
                0x000040b8                DBG_GPIO_init
 .text.Board_GPIO_init
                0x000040d4       0x10 ./Core/Src/PIN_CONFIG.o
                0x000040d4                Board_GPIO_init
 .text.SPI_ErrorCallback
                0x000040e4        0x2 ./Core/Src/SENSOR_Task.o
                0x000040e4                SPI_ErrorCallback
 *fill*         0x000040e6        0x2 
 .text.SEN_timer_cb
                0x000040e8        0xc ./Core/Src/SENSOR_Task.o
                0x000040e8                SEN_timer_cb
 .text.sen_SPI_init
                0x000040f4       0x7c ./Core/Src/SENSOR_Task.o
                0x000040f4                sen_SPI_init
 .text.sensor_SM
                0x00004170       0xe8 ./Core/Src/SENSOR_Task.o
                0x00004170                sensor_SM
 .text.sensor_init
                0x00004258       0x24 ./Core/Src/SENSOR_Task.o
                0x00004258                sensor_init
 .text.SENSOR_Task
                0x0000427c       0x16 ./Core/Src/SENSOR_Task.o
                0x0000427c                SENSOR_Task
 .text.Error_Handler
                0x00004292        0x4 ./Core/Src/main.o
                0x00004292                Error_Handler
 *fill*         0x00004296        0x2 
 .text.main     0x00004298      0x144 ./Core/Src/main.o
                0x00004298                main
 .text.DBG_TxCpltCallback
                0x000043dc        0xc D:\Ravikala\IOT_KIT_WS\XNO_EX_FLASH_APP\XNO_Elib\libXNO_LIB_V13.a(XNO_DEBUG_TASK.o)
                0x000043dc                DBG_TxCpltCallback
 .text.DBG_ErrorCallback
                0x000043e8        0x2 D:\Ravikala\IOT_KIT_WS\XNO_EX_FLASH_APP\XNO_Elib\libXNO_LIB_V13.a(XNO_DEBUG_TASK.o)
                0x000043e8                DBG_ErrorCallback
 *fill*         0x000043ea        0x2 
 .text.DBG_RxCpltCallback
                0x000043ec       0x44 D:\Ravikala\IOT_KIT_WS\XNO_EX_FLASH_APP\XNO_Elib\libXNO_LIB_V13.a(XNO_DEBUG_TASK.o)
                0x000043ec                DBG_RxCpltCallback
 .text.DBG_Task_Init
                0x00004430       0xb4 D:\Ravikala\IOT_KIT_WS\XNO_EX_FLASH_APP\XNO_Elib\libXNO_LIB_V13.a(XNO_DEBUG_TASK.o)
 .text.XNO_init_external_ATCmd_List
                0x000044e4        0xc D:\Ravikala\IOT_KIT_WS\XNO_EX_FLASH_APP\XNO_Elib\libXNO_LIB_V13.a(XNO_DEBUG_TASK.o)
                0x000044e4                XNO_init_external_ATCmd_List
 .text.XNO_Printf
                0x000044f0       0x84 D:\Ravikala\IOT_KIT_WS\XNO_EX_FLASH_APP\XNO_Elib\libXNO_LIB_V13.a(XNO_DEBUG_TASK.o)
                0x000044f0                XNO_Printf
 .text.DBG_UART_Task
                0x00004574      0x168 D:\Ravikala\IOT_KIT_WS\XNO_EX_FLASH_APP\XNO_Elib\libXNO_LIB_V13.a(XNO_DEBUG_TASK.o)
                0x00004574                DBG_UART_Task
 .text.XNO_PrintBuf
                0x000046dc       0x78 D:\Ravikala\IOT_KIT_WS\XNO_EX_FLASH_APP\XNO_Elib\libXNO_LIB_V13.a(XNO_DEBUG_TASK.o)
                0x000046dc                XNO_PrintBuf
 .text.execute_atprop_cmd_int
                0x00004754      0x1ac D:\Ravikala\IOT_KIT_WS\XNO_EX_FLASH_APP\XNO_Elib\libXNO_LIB_V13.a(XNO_DEBUG_TASK.o)
 .text.Parse_AT_Param_Str
                0x00004900       0xfc D:\Ravikala\IOT_KIT_WS\XNO_EX_FLASH_APP\XNO_Elib\libXNO_LIB_V13.a(XNO_DEBUG_TASK.o)
                0x00004900                Parse_AT_Param_Str
 .text.Run_ATCmdStateMachine
                0x000049fc       0x38 D:\Ravikala\IOT_KIT_WS\XNO_EX_FLASH_APP\XNO_Elib\libXNO_LIB_V13.a(XNO_DEBUG_TASK.o)
                0x000049fc                Run_ATCmdStateMachine
 .text.DBG_Parser_Task
                0x00004a34       0xe0 D:\Ravikala\IOT_KIT_WS\XNO_EX_FLASH_APP\XNO_Elib\libXNO_LIB_V13.a(XNO_DEBUG_TASK.o)
                0x00004a34                DBG_Parser_Task
 .text.LTE_TxCpltCallback
                0x00004b14        0xc D:\Ravikala\IOT_KIT_WS\XNO_EX_FLASH_APP\XNO_Elib\libXNO_LIB_V13.a(XNO_LTE_TASK.o)
                0x00004b14                LTE_TxCpltCallback
 .text.LTE_ErrorCallback
                0x00004b20        0x2 D:\Ravikala\IOT_KIT_WS\XNO_EX_FLASH_APP\XNO_Elib\libXNO_LIB_V13.a(XNO_LTE_TASK.o)
                0x00004b20                LTE_ErrorCallback
 *fill*         0x00004b22        0x2 
 .text.LTETimerCB
                0x00004b24        0xc D:\Ravikala\IOT_KIT_WS\XNO_EX_FLASH_APP\XNO_Elib\libXNO_LIB_V13.a(XNO_LTE_TASK.o)
                0x00004b24                LTETimerCB
 .text.LTE_RxCpltCallback
                0x00004b30       0x2c D:\Ravikala\IOT_KIT_WS\XNO_EX_FLASH_APP\XNO_Elib\libXNO_LIB_V13.a(XNO_LTE_TASK.o)
                0x00004b30                LTE_RxCpltCallback
 .text.Read_LTE_resp_line
                0x00004b5c       0xf8 D:\Ravikala\IOT_KIT_WS\XNO_EX_FLASH_APP\XNO_Elib\libXNO_LIB_V13.a(XNO_LTE_TASK.o)
 .text.LTE_Parser_Init
                0x00004c54       0x4c D:\Ravikala\IOT_KIT_WS\XNO_EX_FLASH_APP\XNO_Elib\libXNO_LIB_V13.a(XNO_LTE_TASK.o)
 .text.XNO_LTE_event_cb
                0x00004ca0       0x24 D:\Ravikala\IOT_KIT_WS\XNO_EX_FLASH_APP\XNO_Elib\libXNO_LIB_V13.a(XNO_LTE_TASK.o)
                0x00004ca0                XNO_LTE_event_cb
 .text.Parse_LTE_resp_line
                0x00004cc4      0x200 D:\Ravikala\IOT_KIT_WS\XNO_EX_FLASH_APP\XNO_Elib\libXNO_LIB_V13.a(XNO_LTE_TASK.o)
                0x00004cc4                Parse_LTE_resp_line
 .text.LTE_UART_Task_Init
                0x00004ec4       0x98 D:\Ravikala\IOT_KIT_WS\XNO_EX_FLASH_APP\XNO_Elib\libXNO_LIB_V13.a(XNO_LTE_TASK.o)
                0x00004ec4                LTE_UART_Task_Init
 .text.LTE_UART_Task
                0x00004f5c      0x150 D:\Ravikala\IOT_KIT_WS\XNO_EX_FLASH_APP\XNO_Elib\libXNO_LIB_V13.a(XNO_LTE_TASK.o)
                0x00004f5c                LTE_UART_Task
 .text.isTimeoutOccurred
                0x000050ac        0x4 D:\Ravikala\IOT_KIT_WS\XNO_EX_FLASH_APP\XNO_Elib\libXNO_LIB_V13.a(XNO_OS_TIMERS.o)
                0x000050ac                isTimeoutOccurred
 .text.startTimer
                0x000050b0       0x10 D:\Ravikala\IOT_KIT_WS\XNO_EX_FLASH_APP\XNO_Elib\libXNO_LIB_V13.a(XNO_OS_TIMERS.o)
                0x000050b0                startTimer
 .text.stopTimer
                0x000050c0        0xe D:\Ravikala\IOT_KIT_WS\XNO_EX_FLASH_APP\XNO_Elib\libXNO_LIB_V13.a(XNO_OS_TIMERS.o)
                0x000050c0                stopTimer
 *fill*         0x000050ce        0x2 
 .text.XNO_OSTIMER_Init
                0x000050d0       0x4c D:\Ravikala\IOT_KIT_WS\XNO_EX_FLASH_APP\XNO_Elib\libXNO_LIB_V13.a(XNO_OS_TIMERS.o)
                0x000050d0                XNO_OSTIMER_Init
 .text.ringbuf_is_empty
                0x0000511c        0xe D:\Ravikala\IOT_KIT_WS\XNO_EX_FLASH_APP\XNO_Elib\libXNO_LIB_V13.a(XNO_RING_BUFFER.o)
                0x0000511c                ringbuf_is_empty
 .text.ringbuf_config
                0x0000512a        0x6 D:\Ravikala\IOT_KIT_WS\XNO_EX_FLASH_APP\XNO_Elib\libXNO_LIB_V13.a(XNO_RING_BUFFER.o)
                0x0000512a                ringbuf_config
 .text.ringbuf_clear
                0x00005130        0x8 D:\Ravikala\IOT_KIT_WS\XNO_EX_FLASH_APP\XNO_Elib\libXNO_LIB_V13.a(XNO_RING_BUFFER.o)
                0x00005130                ringbuf_clear
 .text.ringbuf_size
                0x00005138       0x1a D:\Ravikala\IOT_KIT_WS\XNO_EX_FLASH_APP\XNO_Elib\libXNO_LIB_V13.a(XNO_RING_BUFFER.o)
                0x00005138                ringbuf_size
 *fill*         0x00005152        0x2 
 .text.ringbuf_enqueue
                0x00005154       0x54 D:\Ravikala\IOT_KIT_WS\XNO_EX_FLASH_APP\XNO_Elib\libXNO_LIB_V13.a(XNO_RING_BUFFER.o)
                0x00005154                ringbuf_enqueue
 .text.ringbuf_dequeue
                0x000051a8       0x34 D:\Ravikala\IOT_KIT_WS\XNO_EX_FLASH_APP\XNO_Elib\libXNO_LIB_V13.a(XNO_RING_BUFFER.o)
                0x000051a8                ringbuf_dequeue
 .text.ringbuf_getFreeSize
                0x000051dc       0x1a D:\Ravikala\IOT_KIT_WS\XNO_EX_FLASH_APP\XNO_Elib\libXNO_LIB_V13.a(XNO_RING_BUFFER.o)
                0x000051dc                ringbuf_getFreeSize
 .text.string_compare_firstnchars
                0x000051f6       0x24 D:\Ravikala\IOT_KIT_WS\XNO_EX_FLASH_APP\XNO_Elib\libXNO_LIB_V13.a(XNO_UTILS.o)
                0x000051f6                string_compare_firstnchars
 .text.string_copy
                0x0000521a       0x20 D:\Ravikala\IOT_KIT_WS\XNO_EX_FLASH_APP\XNO_Elib\libXNO_LIB_V13.a(XNO_UTILS.o)
                0x0000521a                string_copy
 .text.string_append
                0x0000523a       0x36 D:\Ravikala\IOT_KIT_WS\XNO_EX_FLASH_APP\XNO_Elib\libXNO_LIB_V13.a(XNO_UTILS.o)
                0x0000523a                string_append
 .text.string_append_CRLF
                0x00005270       0x2a D:\Ravikala\IOT_KIT_WS\XNO_EX_FLASH_APP\XNO_Elib\libXNO_LIB_V13.a(XNO_UTILS.o)
                0x00005270                string_append_CRLF
 .text.string_remove_CR
                0x0000529a       0x18 D:\Ravikala\IOT_KIT_WS\XNO_EX_FLASH_APP\XNO_Elib\libXNO_LIB_V13.a(XNO_UTILS.o)
                0x0000529a                string_remove_CR
 .text.int8_to_string_hex
                0x000052b2       0x2c D:\Ravikala\IOT_KIT_WS\XNO_EX_FLASH_APP\XNO_Elib\libXNO_LIB_V13.a(XNO_UTILS.o)
                0x000052b2                int8_to_string_hex
 .text.bcd_hex_string_to_int8
                0x000052de       0x1e D:\Ravikala\IOT_KIT_WS\XNO_EX_FLASH_APP\XNO_Elib\libXNO_LIB_V13.a(XNO_UTILS.o)
                0x000052de                bcd_hex_string_to_int8
 .text.conv_datestr_to_hex
                0x000052fc       0x20 D:\Ravikala\IOT_KIT_WS\XNO_EX_FLASH_APP\XNO_Elib\libXNO_LIB_V13.a(XNO_UTILS.o)
                0x000052fc                conv_datestr_to_hex
 .text.conv_timestr_to_hex
                0x0000531c       0x20 D:\Ravikala\IOT_KIT_WS\XNO_EX_FLASH_APP\XNO_Elib\libXNO_LIB_V13.a(XNO_UTILS.o)
                0x0000531c                conv_timestr_to_hex
 .text.CAN_RXTX_INT_HANDLER
                0x0000533c      0x12c D:\Ravikala\IOT_KIT_WS\XNO_EX_FLASH_APP\XNO_Elib\libXNO_LIB_V13.a(nuv_m2354_hal_can.o)
                0x0000533c                CAN_RXTX_INT_HANDLER
 .text.EADC_HANDLER
                0x00005468       0x44 D:\Ravikala\IOT_KIT_WS\XNO_EX_FLASH_APP\XNO_Elib\libXNO_LIB_V13.a(nuv_m2354_hal_eadc.o)
                0x00005468                EADC_HANDLER
 .text.EINT_HANDLER
                0x000054ac       0x34 D:\Ravikala\IOT_KIT_WS\XNO_EX_FLASH_APP\XNO_Elib\libXNO_LIB_V13.a(nuv_m2354_hal_eint.o)
                0x000054ac                EINT_HANDLER
 .text.setChipSelectLow
                0x000054e0        0xe D:\Ravikala\IOT_KIT_WS\XNO_EX_FLASH_APP\XNO_Elib\libXNO_LIB_V13.a(nuv_m2354_hal_master_spi.o)
                0x000054e0                setChipSelectLow
 .text.setChipSelectHigh
                0x000054ee        0xe D:\Ravikala\IOT_KIT_WS\XNO_EX_FLASH_APP\XNO_Elib\libXNO_LIB_V13.a(nuv_m2354_hal_master_spi.o)
                0x000054ee                setChipSelectHigh
 .text.spiTransmitReceive
                0x000054fc       0xac D:\Ravikala\IOT_KIT_WS\XNO_EX_FLASH_APP\XNO_Elib\libXNO_LIB_V13.a(nuv_m2354_hal_master_spi.o)
                0x000054fc                spiTransmitReceive
 .text.spiTransmit
                0x000055a8       0x94 D:\Ravikala\IOT_KIT_WS\XNO_EX_FLASH_APP\XNO_Elib\libXNO_LIB_V13.a(nuv_m2354_hal_master_spi.o)
                0x000055a8                spiTransmit
 .text.XNO_SPI_Init
                0x0000563c      0x1fc D:\Ravikala\IOT_KIT_WS\XNO_EX_FLASH_APP\XNO_Elib\libXNO_LIB_V13.a(nuv_m2354_hal_master_spi.o)
                0x0000563c                XNO_SPI_Init
 .text.Exernal_RTC_GPIO_init
                0x00005838       0x1c D:\Ravikala\IOT_KIT_WS\XNO_EX_FLASH_APP\XNO_Elib\libXNO_LIB_V13.a(nuv_m2354_hal_msp.o)
                0x00005838                Exernal_RTC_GPIO_init
 .text.Exernal_Main_Clock_GPIO_init
                0x00005854       0x1c D:\Ravikala\IOT_KIT_WS\XNO_EX_FLASH_APP\XNO_Elib\libXNO_LIB_V13.a(nuv_m2354_hal_msp.o)
                0x00005854                Exernal_Main_Clock_GPIO_init
 .text.RTC_init
                0x00005870       0x20 D:\Ravikala\IOT_KIT_WS\XNO_EX_FLASH_APP\XNO_Elib\libXNO_LIB_V13.a(nuv_m2354_hal_msp.o)
                0x00005870                RTC_init
 .text.XNO_Extclk_sys_init
                0x00005890       0x3c D:\Ravikala\IOT_KIT_WS\XNO_EX_FLASH_APP\XNO_Elib\libXNO_LIB_V13.a(nuv_m2354_hal_msp.o)
                0x00005890                XNO_Extclk_sys_init
 .text.uartTransmitInt
                0x000058cc       0x2e D:\Ravikala\IOT_KIT_WS\XNO_EX_FLASH_APP\XNO_Elib\libXNO_LIB_V13.a(nuv_m2354_hal_uart.o)
                0x000058cc                uartTransmitInt
 .text.uartReceiveInt
                0x000058fa       0x2e D:\Ravikala\IOT_KIT_WS\XNO_EX_FLASH_APP\XNO_Elib\libXNO_LIB_V13.a(nuv_m2354_hal_uart.o)
                0x000058fa                uartReceiveInt
 .text.uartTransmit
                0x00005928       0x58 D:\Ravikala\IOT_KIT_WS\XNO_EX_FLASH_APP\XNO_Elib\libXNO_LIB_V13.a(nuv_m2354_hal_uart.o)
                0x00005928                uartTransmit
 .text.uartReceive
                0x00005980       0x4c D:\Ravikala\IOT_KIT_WS\XNO_EX_FLASH_APP\XNO_Elib\libXNO_LIB_V13.a(nuv_m2354_hal_uart.o)
                0x00005980                uartReceive
 .text.UART_RXTX_INT_HANDLER
                0x000059cc       0xa0 D:\Ravikala\IOT_KIT_WS\XNO_EX_FLASH_APP\XNO_Elib\libXNO_LIB_V13.a(nuv_m2354_hal_uart.o)
                0x000059cc                UART_RXTX_INT_HANDLER
 .text.XNO_UART_Init
                0x00005a6c      0x234 D:\Ravikala\IOT_KIT_WS\XNO_EX_FLASH_APP\XNO_Elib\libXNO_LIB_V13.a(nuv_m2354_hal_uart.o)
                0x00005a6c                XNO_UART_Init
 .text.XNO_WDG_Init
                0x00005ca0       0x38 D:\Ravikala\IOT_KIT_WS\XNO_EX_FLASH_APP\XNO_Elib\libXNO_LIB_V13.a(nuv_m2354_hal_wdt.o)
                0x00005ca0                XNO_WDG_Init
 .text.process_extend_atcmd
                0x00005cd8       0x24 D:\Ravikala\IOT_KIT_WS\XNO_EX_FLASH_APP\XNO_Elib\libXNO_LIB_V13.a(AT_Parser.o)
 .text.process_basic_atcmd
                0x00005cfc       0x20 D:\Ravikala\IOT_KIT_WS\XNO_EX_FLASH_APP\XNO_Elib\libXNO_LIB_V13.a(AT_Parser.o)
 .text.process_prop_atcmd
                0x00005d1c      0x2d4 D:\Ravikala\IOT_KIT_WS\XNO_EX_FLASH_APP\XNO_Elib\libXNO_LIB_V13.a(AT_Parser.o)
 .text.Parse_AT_Command
                0x00005ff0       0xcc D:\Ravikala\IOT_KIT_WS\XNO_EX_FLASH_APP\XNO_Elib\libXNO_LIB_V13.a(AT_Parser.o)
                0x00005ff0                Parse_AT_Command
 .text.Is_Valid_Int_ATCmd_Rcvd
                0x000060bc        0xc D:\Ravikala\IOT_KIT_WS\XNO_EX_FLASH_APP\XNO_Elib\libXNO_LIB_V13.a(AT_Parser.o)
                0x000060bc                Is_Valid_Int_ATCmd_Rcvd
 .text.Is_Valid_Ext_ATCmd_Rcvd
                0x000060c8        0xc D:\Ravikala\IOT_KIT_WS\XNO_EX_FLASH_APP\XNO_Elib\libXNO_LIB_V13.a(AT_Parser.o)
                0x000060c8                Is_Valid_Ext_ATCmd_Rcvd
 .text.Get_ATCmd_Rcvd
                0x000060d4        0x8 D:\Ravikala\IOT_KIT_WS\XNO_EX_FLASH_APP\XNO_Elib\libXNO_LIB_V13.a(AT_Parser.o)
                0x000060d4                Get_ATCmd_Rcvd
 .text.__errno  0x000060dc        0xc c:/program files (x86)/gnu tools arm embedded/6 2017-q1-update/bin/../lib/gcc/arm-none-eabi/6.3.1/../../../../arm-none-eabi/lib/thumb/v8-m.base\libg_nano.a(lib_a-errno.o)
                0x000060dc                __errno
 .text.exit     0x000060e8       0x28 c:/program files (x86)/gnu tools arm embedded/6 2017-q1-update/bin/../lib/gcc/arm-none-eabi/6.3.1/../../../../arm-none-eabi/lib/thumb/v8-m.base\libg_nano.a(lib_a-exit.o)
                0x000060e8                exit
 .text.__sflush_r
                0x00006110      0x110 c:/program files (x86)/gnu tools arm embedded/6 2017-q1-update/bin/../lib/gcc/arm-none-eabi/6.3.1/../../../../arm-none-eabi/lib/thumb/v8-m.base\libg_nano.a(lib_a-fflush.o)
                0x00006110                __sflush_r
 .text._fflush_r
                0x00006220       0x54 c:/program files (x86)/gnu tools arm embedded/6 2017-q1-update/bin/../lib/gcc/arm-none-eabi/6.3.1/../../../../arm-none-eabi/lib/thumb/v8-m.base\libg_nano.a(lib_a-fflush.o)
                0x00006220                _fflush_r
 .text._cleanup_r
                0x00006274       0x10 c:/program files (x86)/gnu tools arm embedded/6 2017-q1-update/bin/../lib/gcc/arm-none-eabi/6.3.1/../../../../arm-none-eabi/lib/thumb/v8-m.base\libg_nano.a(lib_a-findfp.o)
                0x00006274                _cleanup_r
 .text.std.isra.0
                0x00006284       0x48 c:/program files (x86)/gnu tools arm embedded/6 2017-q1-update/bin/../lib/gcc/arm-none-eabi/6.3.1/../../../../arm-none-eabi/lib/thumb/v8-m.base\libg_nano.a(lib_a-findfp.o)
 .text.__sfmoreglue
                0x000062cc       0x2c c:/program files (x86)/gnu tools arm embedded/6 2017-q1-update/bin/../lib/gcc/arm-none-eabi/6.3.1/../../../../arm-none-eabi/lib/thumb/v8-m.base\libg_nano.a(lib_a-findfp.o)
                0x000062cc                __sfmoreglue
 .text.__sinit  0x000062f8       0x64 c:/program files (x86)/gnu tools arm embedded/6 2017-q1-update/bin/../lib/gcc/arm-none-eabi/6.3.1/../../../../arm-none-eabi/lib/thumb/v8-m.base\libg_nano.a(lib_a-findfp.o)
                0x000062f8                __sinit
 .text.__sfp    0x0000635c       0x78 c:/program files (x86)/gnu tools arm embedded/6 2017-q1-update/bin/../lib/gcc/arm-none-eabi/6.3.1/../../../../arm-none-eabi/lib/thumb/v8-m.base\libg_nano.a(lib_a-findfp.o)
                0x0000635c                __sfp
 .text._fwalk_reent
                0x000063d4       0x40 c:/program files (x86)/gnu tools arm embedded/6 2017-q1-update/bin/../lib/gcc/arm-none-eabi/6.3.1/../../../../arm-none-eabi/lib/thumb/v8-m.base\libg_nano.a(lib_a-fwalk.o)
                0x000063d4                _fwalk_reent
 .text.__libc_init_array
                0x00006414       0x48 c:/program files (x86)/gnu tools arm embedded/6 2017-q1-update/bin/../lib/gcc/arm-none-eabi/6.3.1/../../../../arm-none-eabi/lib/thumb/v8-m.base\libg_nano.a(lib_a-init.o)
                0x00006414                __libc_init_array
 .text.memcmp   0x0000645c       0x1e c:/program files (x86)/gnu tools arm embedded/6 2017-q1-update/bin/../lib/gcc/arm-none-eabi/6.3.1/../../../../arm-none-eabi/lib/thumb/v8-m.base\libg_nano.a(lib_a-memcmp.o)
                0x0000645c                memcmp
 .text.memcpy   0x0000647a       0x12 c:/program files (x86)/gnu tools arm embedded/6 2017-q1-update/bin/../lib/gcc/arm-none-eabi/6.3.1/../../../../arm-none-eabi/lib/thumb/v8-m.base\libg_nano.a(lib_a-memcpy-stub.o)
                0x0000647a                memcpy
 .text.memset   0x0000648c       0x10 c:/program files (x86)/gnu tools arm embedded/6 2017-q1-update/bin/../lib/gcc/arm-none-eabi/6.3.1/../../../../arm-none-eabi/lib/thumb/v8-m.base\libg_nano.a(lib_a-memset.o)
                0x0000648c                memset
 .text._free_r  0x0000649c       0x8c c:/program files (x86)/gnu tools arm embedded/6 2017-q1-update/bin/../lib/gcc/arm-none-eabi/6.3.1/../../../../arm-none-eabi/lib/thumb/v8-m.base\libg_nano.a(lib_a-nano-freer.o)
                0x0000649c                _free_r
 .text._malloc_r
                0x00006528       0xbc c:/program files (x86)/gnu tools arm embedded/6 2017-q1-update/bin/../lib/gcc/arm-none-eabi/6.3.1/../../../../arm-none-eabi/lib/thumb/v8-m.base\libg_nano.a(lib_a-nano-mallocr.o)
                0x00006528                _malloc_r
 .text.__sfputc_r
                0x000065e4       0x2a c:/program files (x86)/gnu tools arm embedded/6 2017-q1-update/bin/../lib/gcc/arm-none-eabi/6.3.1/../../../../arm-none-eabi/lib/thumb/v8-m.base\libg_nano.a(lib_a-nano-vfprintf.o)
 .text.__sfputs_r
                0x0000660e       0x24 c:/program files (x86)/gnu tools arm embedded/6 2017-q1-update/bin/../lib/gcc/arm-none-eabi/6.3.1/../../../../arm-none-eabi/lib/thumb/v8-m.base\libg_nano.a(lib_a-nano-vfprintf.o)
                0x0000660e                __sfputs_r
 *fill*         0x00006632        0x2 
 .text._vfprintf_r
                0x00006634      0x22c c:/program files (x86)/gnu tools arm embedded/6 2017-q1-update/bin/../lib/gcc/arm-none-eabi/6.3.1/../../../../arm-none-eabi/lib/thumb/v8-m.base\libg_nano.a(lib_a-nano-vfprintf.o)
                0x00006634                _vfprintf_r
                0x00006634                _vfiprintf_r
 .text._printf_common
                0x00006860       0xd8 c:/program files (x86)/gnu tools arm embedded/6 2017-q1-update/bin/../lib/gcc/arm-none-eabi/6.3.1/../../../../arm-none-eabi/lib/thumb/v8-m.base\libg_nano.a(lib_a-nano-vfprintf_i.o)
                0x00006860                _printf_common
 .text._printf_i
                0x00006938      0x224 c:/program files (x86)/gnu tools arm embedded/6 2017-q1-update/bin/../lib/gcc/arm-none-eabi/6.3.1/../../../../arm-none-eabi/lib/thumb/v8-m.base\libg_nano.a(lib_a-nano-vfprintf_i.o)
                0x00006938                _printf_i
 .text.printf   0x00006b5c       0x30 c:/program files (x86)/gnu tools arm embedded/6 2017-q1-update/bin/../lib/gcc/arm-none-eabi/6.3.1/../../../../arm-none-eabi/lib/thumb/v8-m.base\libg_nano.a(lib_a-printf.o)
                0x00006b5c                iprintf
                0x00006b5c                printf
 .text._puts_r  0x00006b8c       0xb8 c:/program files (x86)/gnu tools arm embedded/6 2017-q1-update/bin/../lib/gcc/arm-none-eabi/6.3.1/../../../../arm-none-eabi/lib/thumb/v8-m.base\libg_nano.a(lib_a-puts.o)
                0x00006b8c                _puts_r
 .text.puts     0x00006c44       0x14 c:/program files (x86)/gnu tools arm embedded/6 2017-q1-update/bin/../lib/gcc/arm-none-eabi/6.3.1/../../../../arm-none-eabi/lib/thumb/v8-m.base\libg_nano.a(lib_a-puts.o)
                0x00006c44                puts
 .text._sbrk_r  0x00006c58       0x20 c:/program files (x86)/gnu tools arm embedded/6 2017-q1-update/bin/../lib/gcc/arm-none-eabi/6.3.1/../../../../arm-none-eabi/lib/thumb/v8-m.base\libg_nano.a(lib_a-sbrkr.o)
                0x00006c58                _sbrk_r
 .text.__sread  0x00006c78       0x28 c:/program files (x86)/gnu tools arm embedded/6 2017-q1-update/bin/../lib/gcc/arm-none-eabi/6.3.1/../../../../arm-none-eabi/lib/thumb/v8-m.base\libg_nano.a(lib_a-stdio.o)
                0x00006c78                __sread
 .text.__swrite
                0x00006ca0       0x38 c:/program files (x86)/gnu tools arm embedded/6 2017-q1-update/bin/../lib/gcc/arm-none-eabi/6.3.1/../../../../arm-none-eabi/lib/thumb/v8-m.base\libg_nano.a(lib_a-stdio.o)
                0x00006ca0                __swrite
 .text.__sseek  0x00006cd8       0x2c c:/program files (x86)/gnu tools arm embedded/6 2017-q1-update/bin/../lib/gcc/arm-none-eabi/6.3.1/../../../../arm-none-eabi/lib/thumb/v8-m.base\libg_nano.a(lib_a-stdio.o)
                0x00006cd8                __sseek
 .text.__sclose
                0x00006d04        0xc c:/program files (x86)/gnu tools arm embedded/6 2017-q1-update/bin/../lib/gcc/arm-none-eabi/6.3.1/../../../../arm-none-eabi/lib/thumb/v8-m.base\libg_nano.a(lib_a-stdio.o)
                0x00006d04                __sclose
 .text.strcat   0x00006d10       0x18 c:/program files (x86)/gnu tools arm embedded/6 2017-q1-update/bin/../lib/gcc/arm-none-eabi/6.3.1/../../../../arm-none-eabi/lib/thumb/v8-m.base\libg_nano.a(lib_a-strcat.o)
                0x00006d10                strcat
 .text          0x00006d28       0x14 c:/program files (x86)/gnu tools arm embedded/6 2017-q1-update/bin/../lib/gcc/arm-none-eabi/6.3.1/../../../../arm-none-eabi/lib/thumb/v8-m.base\libg_nano.a(lib_a-strcmp.o)
                0x00006d28                strcmp
 .text.strcpy   0x00006d3c       0x10 c:/program files (x86)/gnu tools arm embedded/6 2017-q1-update/bin/../lib/gcc/arm-none-eabi/6.3.1/../../../../arm-none-eabi/lib/thumb/v8-m.base\libg_nano.a(lib_a-strcpy.o)
                0x00006d3c                strcpy
 .text          0x00006d4c        0xe c:/program files (x86)/gnu tools arm embedded/6 2017-q1-update/bin/../lib/gcc/arm-none-eabi/6.3.1/../../../../arm-none-eabi/lib/thumb/v8-m.base\libg_nano.a(lib_a-strlen.o)
                0x00006d4c                strlen
 .text.strncmp  0x00006d5a       0x20 c:/program files (x86)/gnu tools arm embedded/6 2017-q1-update/bin/../lib/gcc/arm-none-eabi/6.3.1/../../../../arm-none-eabi/lib/thumb/v8-m.base\libg_nano.a(lib_a-strncmp.o)
                0x00006d5a                strncmp
 *fill*         0x00006d7a        0x2 
 .text.__swbuf_r
                0x00006d7c       0xa4 c:/program files (x86)/gnu tools arm embedded/6 2017-q1-update/bin/../lib/gcc/arm-none-eabi/6.3.1/../../../../arm-none-eabi/lib/thumb/v8-m.base\libg_nano.a(lib_a-wbuf.o)
                0x00006d7c                __swbuf_r
 .text._write_r
                0x00006e20       0x24 c:/program files (x86)/gnu tools arm embedded/6 2017-q1-update/bin/../lib/gcc/arm-none-eabi/6.3.1/../../../../arm-none-eabi/lib/thumb/v8-m.base\libg_nano.a(lib_a-writer.o)
                0x00006e20                _write_r
 .text.__swsetup_r
                0x00006e44       0xe4 c:/program files (x86)/gnu tools arm embedded/6 2017-q1-update/bin/../lib/gcc/arm-none-eabi/6.3.1/../../../../arm-none-eabi/lib/thumb/v8-m.base\libg_nano.a(lib_a-wsetup.o)
                0x00006e44                __swsetup_r
 .text._close_r
                0x00006f28       0x20 c:/program files (x86)/gnu tools arm embedded/6 2017-q1-update/bin/../lib/gcc/arm-none-eabi/6.3.1/../../../../arm-none-eabi/lib/thumb/v8-m.base\libg_nano.a(lib_a-closer.o)
                0x00006f28                _close_r
 .text._lseek_r
                0x00006f48       0x24 c:/program files (x86)/gnu tools arm embedded/6 2017-q1-update/bin/../lib/gcc/arm-none-eabi/6.3.1/../../../../arm-none-eabi/lib/thumb/v8-m.base\libg_nano.a(lib_a-lseekr.o)
                0x00006f48                _lseek_r
 .text.__swhatbuf_r
                0x00006f6c       0x50 c:/program files (x86)/gnu tools arm embedded/6 2017-q1-update/bin/../lib/gcc/arm-none-eabi/6.3.1/../../../../arm-none-eabi/lib/thumb/v8-m.base\libg_nano.a(lib_a-makebuf.o)
                0x00006f6c                __swhatbuf_r
 .text.__smakebuf_r
                0x00006fbc       0x80 c:/program files (x86)/gnu tools arm embedded/6 2017-q1-update/bin/../lib/gcc/arm-none-eabi/6.3.1/../../../../arm-none-eabi/lib/thumb/v8-m.base\libg_nano.a(lib_a-makebuf.o)
                0x00006fbc                __smakebuf_r
 .text.memchr   0x0000703c       0x16 c:/program files (x86)/gnu tools arm embedded/6 2017-q1-update/bin/../lib/gcc/arm-none-eabi/6.3.1/../../../../arm-none-eabi/lib/thumb/v8-m.base\libg_nano.a(lib_a-memchr-stub.o)
                0x0000703c                memchr
 .text.__malloc_lock
                0x00007052        0x2 c:/program files (x86)/gnu tools arm embedded/6 2017-q1-update/bin/../lib/gcc/arm-none-eabi/6.3.1/../../../../arm-none-eabi/lib/thumb/v8-m.base\libg_nano.a(lib_a-mlock.o)
                0x00007052                __malloc_lock
 .text.__malloc_unlock
                0x00007054        0x2 c:/program files (x86)/gnu tools arm embedded/6 2017-q1-update/bin/../lib/gcc/arm-none-eabi/6.3.1/../../../../arm-none-eabi/lib/thumb/v8-m.base\libg_nano.a(lib_a-mlock.o)
                0x00007054                __malloc_unlock
 *fill*         0x00007056        0x2 
 .text._read_r  0x00007058       0x24 c:/program files (x86)/gnu tools arm embedded/6 2017-q1-update/bin/../lib/gcc/arm-none-eabi/6.3.1/../../../../arm-none-eabi/lib/thumb/v8-m.base\libg_nano.a(lib_a-readr.o)
                0x00007058                _read_r
 .text._fstat_r
                0x0000707c       0x24 c:/program files (x86)/gnu tools arm embedded/6 2017-q1-update/bin/../lib/gcc/arm-none-eabi/6.3.1/../../../../arm-none-eabi/lib/thumb/v8-m.base\libg_nano.a(lib_a-fstatr.o)
                0x0000707c                _fstat_r
 .text._isatty_r
                0x000070a0       0x20 c:/program files (x86)/gnu tools arm embedded/6 2017-q1-update/bin/../lib/gcc/arm-none-eabi/6.3.1/../../../../arm-none-eabi/lib/thumb/v8-m.base\libg_nano.a(lib_a-isattyr.o)
                0x000070a0                _isatty_r
 .text._sbrk    0x000070c0       0x1c c:/program files (x86)/gnu tools arm embedded/6 2017-q1-update/bin/../lib/gcc/arm-none-eabi/6.3.1/../../../../arm-none-eabi/lib/thumb/v8-m.base\libnosys.a(sbrk.o)
                0x000070c0                _sbrk
 .text._exit    0x000070dc        0x4 c:/program files (x86)/gnu tools arm embedded/6 2017-q1-update/bin/../lib/gcc/arm-none-eabi/6.3.1/../../../../arm-none-eabi/lib/thumb/v8-m.base\libnosys.a(_exit.o)
                0x000070dc                _exit
 *(.init)
 .init          0x000070e0        0x4 c:/program files (x86)/gnu tools arm embedded/6 2017-q1-update/bin/../lib/gcc/arm-none-eabi/6.3.1/thumb/v8-m.base/crti.o
                0x000070e0                _init
 .init          0x000070e4        0x8 c:/program files (x86)/gnu tools arm embedded/6 2017-q1-update/bin/../lib/gcc/arm-none-eabi/6.3.1/thumb/v8-m.base/crtn.o
 *(.fini)
 .fini          0x000070ec        0x4 c:/program files (x86)/gnu tools arm embedded/6 2017-q1-update/bin/../lib/gcc/arm-none-eabi/6.3.1/thumb/v8-m.base/crti.o
                0x000070ec                _fini
 .fini          0x000070f0        0x8 c:/program files (x86)/gnu tools arm embedded/6 2017-q1-update/bin/../lib/gcc/arm-none-eabi/6.3.1/thumb/v8-m.base/crtn.o
 *crtbegin.o(.ctors)
 *crtbegin?.o(.ctors)
 *(EXCLUDE_FILE(*crtend.o *crtend?.o) .ctors)
 *(SORT(.ctors.*))
 *(.ctors)
 *crtbegin.o(.dtors)
 *crtbegin?.o(.dtors)
 *(EXCLUDE_FILE(*crtend.o *crtend?.o) .dtors)
 *(SORT(.dtors.*))
 *(.dtors)
 *(.rodata*)
 .rodata.vTaskStartScheduler.str1.4
                0x000070f8        0x5 ./Middleware/FreeRTOS/tasks.o
 *fill*         0x000070fd        0x3 
 .rodata.prvProcessReceivedCommands
                0x00007100       0x28 ./Middleware/FreeRTOS/timers.o
 .rodata.prvCheckForValidListAndQueue.str1.4
                0x00007128        0x5 ./Middleware/FreeRTOS/timers.o
 *fill*         0x0000712d        0x3 
 .rodata.xTimerCreateTimerTask.str1.4
                0x00007130        0x8 ./Middleware/FreeRTOS/timers.o
 .rodata        0x00007138       0x44 ./Middleware/Drivers/src/clk.o
 .rodata        0x0000717c       0x99 ./Middleware/Drivers/src/retarget.o
 *fill*         0x00007215        0x3 
 .rodata.ProcessHardFault.str1.4
                0x00007218      0x16a ./Middleware/Drivers/src/retarget.o
 *fill*         0x00007382        0x2 
 .rodata.str1.4
                0x00007384       0x7c ./Middleware/Drivers/src/retarget.o
 .rodata        0x00007400       0x20 ./Middleware/Drivers/src/uart.o
 .rodata.osTimerCreate.str1.4
                0x00007420       0x7c ./Middleware/CMSIS/cmsis_os.o
                                  0x1 (size before relaxing)
 .rodata.execute_atprop_cmd_ext
                0x00007420       0x54 ./Core/Src/ATcmds.o
 .rodata.atcmd_extlist
                0x00007474     0x2270 ./Core/Src/ATcmds.o
                0x00007474                atcmd_extlist
 .rodata.execute_atprop_cmd_ext.str1.4
                0x000096e4      0x1f2 ./Core/Src/ATcmds.o
 *fill*         0x000098d6        0x2 
 .rodata.execute_escchar_cmd_ext.str1.4
                0x000098d8       0x1e ./Core/Src/ATcmds.o
 *fill*         0x000098f6        0x2 
 .rodata.W25Q_Erase_Sectors.str1.4
                0x000098f8       0x17 ./Core/Src/EXT_FLASH_SPI.o
 *fill*         0x0000990f        0x1 
 .rodata.W25Q_RDWR_test.str1.4
                0x00009910       0x71 ./Core/Src/EXT_FLASH_SPI.o
                                 0x75 (size before relaxing)
 *fill*         0x00009981        0x3 
 .rodata.W25Q_SPI_Read.str1.4
                0x00009984       0x14 ./Core/Src/EXT_FLASH_SPI.o
 .rodata.sen_SPI_init.str1.4
                0x00009998       0x26 ./Core/Src/SENSOR_Task.o
 *fill*         0x000099be        0x2 
 .rodata.sensor_SM.str1.4
                0x000099c0       0x4b ./Core/Src/SENSOR_Task.o
 *fill*         0x00009a0b        0x1 
 .rodata.sensor_init.str1.4
                0x00009a0c       0x58 ./Core/Src/SENSOR_Task.o
 .rodata        0x00009a64       0x50 ./Core/Src/main.o
 .rodata.str1.4
                0x00009ab4       0x1f ./Core/Src/main.o
 *fill*         0x00009ad3        0x1 
 .rodata.DBG_Parser_Task.str1.4
                0x00009ad4       0x12 D:\Ravikala\IOT_KIT_WS\XNO_EX_FLASH_APP\XNO_Elib\libXNO_LIB_V13.a(XNO_DEBUG_TASK.o)
 *fill*         0x00009ae6        0x2 
 .rodata.DBG_UART_Task.str1.4
                0x00009ae8       0x10 D:\Ravikala\IOT_KIT_WS\XNO_EX_FLASH_APP\XNO_Elib\libXNO_LIB_V13.a(XNO_DEBUG_TASK.o)
 .rodata.Parse_AT_Param_Str.str1.4
                0x00009af8       0x2b D:\Ravikala\IOT_KIT_WS\XNO_EX_FLASH_APP\XNO_Elib\libXNO_LIB_V13.a(XNO_DEBUG_TASK.o)
 *fill*         0x00009b23        0x1 
 .rodata.execute_atprop_cmd_int.str1.4
                0x00009b24       0x45 D:\Ravikala\IOT_KIT_WS\XNO_EX_FLASH_APP\XNO_Elib\libXNO_LIB_V13.a(XNO_DEBUG_TASK.o)
                                 0x51 (size before relaxing)
 *fill*         0x00009b69        0x3 
 .rodata.LTE_UART_Task.str1.4
                0x00009b6c       0x11 D:\Ravikala\IOT_KIT_WS\XNO_EX_FLASH_APP\XNO_Elib\libXNO_LIB_V13.a(XNO_LTE_TASK.o)
 *fill*         0x00009b7d        0x3 
 .rodata.Parse_LTE_resp_line.str1.4
                0x00009b80       0x5e D:\Ravikala\IOT_KIT_WS\XNO_EX_FLASH_APP\XNO_Elib\libXNO_LIB_V13.a(XNO_LTE_TASK.o)
                                 0x62 (size before relaxing)
 *fill*         0x00009bde        0x2 
 .rodata.ringbuf_dequeue.str1.4
                0x00009be0       0x28 D:\Ravikala\IOT_KIT_WS\XNO_EX_FLASH_APP\XNO_Elib\libXNO_LIB_V13.a(XNO_RING_BUFFER.o)
 .rodata.ringbuf_enqueue.str1.4
                0x00009c08       0x2c D:\Ravikala\IOT_KIT_WS\XNO_EX_FLASH_APP\XNO_Elib\libXNO_LIB_V13.a(XNO_RING_BUFFER.o)
 .rodata.spiTransmitReceive.str1.4
                0x00009c34       0x17 D:\Ravikala\IOT_KIT_WS\XNO_EX_FLASH_APP\XNO_Elib\libXNO_LIB_V13.a(nuv_m2354_hal_master_spi.o)
 *fill*         0x00009c4b        0x1 
 .rodata.XNO_UART_Init
                0x00009c4c       0x18 D:\Ravikala\IOT_KIT_WS\XNO_EX_FLASH_APP\XNO_Elib\libXNO_LIB_V13.a(nuv_m2354_hal_uart.o)
 .rodata.Parse_AT_Command.str1.4
                0x00009c64        0x3 D:\Ravikala\IOT_KIT_WS\XNO_EX_FLASH_APP\XNO_Elib\libXNO_LIB_V13.a(AT_Parser.o)
 .rodata.atcmd_int_list
                0x00009c64      0xcea D:\Ravikala\IOT_KIT_WS\XNO_EX_FLASH_APP\XNO_Elib\libXNO_LIB_V13.a(AT_Parser.o)
                0x00009c64                atcmd_int_list
 .rodata.process_extend_atcmd.str1.4
                0x0000a94e        0xa D:\Ravikala\IOT_KIT_WS\XNO_EX_FLASH_APP\XNO_Elib\libXNO_LIB_V13.a(AT_Parser.o)
 *fill*         0x0000a94e        0x2 
 .rodata.process_prop_atcmd.str1.4
                0x0000a950       0x14 D:\Ravikala\IOT_KIT_WS\XNO_EX_FLASH_APP\XNO_Elib\libXNO_LIB_V13.a(AT_Parser.o)
                                 0x12 (size before relaxing)
 .rodata.__sf_fake_stderr
                0x0000a964       0x20 c:/program files (x86)/gnu tools arm embedded/6 2017-q1-update/bin/../lib/gcc/arm-none-eabi/6.3.1/../../../../arm-none-eabi/lib/thumb/v8-m.base\libg_nano.a(lib_a-findfp.o)
                0x0000a964                __sf_fake_stderr
 .rodata.__sf_fake_stdin
                0x0000a984       0x20 c:/program files (x86)/gnu tools arm embedded/6 2017-q1-update/bin/../lib/gcc/arm-none-eabi/6.3.1/../../../../arm-none-eabi/lib/thumb/v8-m.base\libg_nano.a(lib_a-findfp.o)
                0x0000a984                __sf_fake_stdin
 .rodata.__sf_fake_stdout
                0x0000a9a4       0x20 c:/program files (x86)/gnu tools arm embedded/6 2017-q1-update/bin/../lib/gcc/arm-none-eabi/6.3.1/../../../../arm-none-eabi/lib/thumb/v8-m.base\libg_nano.a(lib_a-findfp.o)
                0x0000a9a4                __sf_fake_stdout
 .rodata._global_impure_ptr
                0x0000a9c4        0x4 c:/program files (x86)/gnu tools arm embedded/6 2017-q1-update/bin/../lib/gcc/arm-none-eabi/6.3.1/../../../../arm-none-eabi/lib/thumb/v8-m.base\libg_nano.a(lib_a-impure.o)
                0x0000a9c4                _global_impure_ptr
 .rodata._vfprintf_r.str1.1
                0x0000a9c8       0x11 c:/program files (x86)/gnu tools arm embedded/6 2017-q1-update/bin/../lib/gcc/arm-none-eabi/6.3.1/../../../../arm-none-eabi/lib/thumb/v8-m.base\libg_nano.a(lib_a-nano-vfprintf.o)
 .rodata._printf_i.str1.1
                0x0000a9d9       0x22 c:/program files (x86)/gnu tools arm embedded/6 2017-q1-update/bin/../lib/gcc/arm-none-eabi/6.3.1/../../../../arm-none-eabi/lib/thumb/v8-m.base\libg_nano.a(lib_a-nano-vfprintf_i.o)
 *(.eh_frame*)
 *fill*         0x0000a9fb        0x1 
 .eh_frame      0x0000a9fc        0x0 c:/program files (x86)/gnu tools arm embedded/6 2017-q1-update/bin/../lib/gcc/arm-none-eabi/6.3.1/thumb/v8-m.base/crtbegin.o
 .eh_frame      0x0000a9fc        0x4 c:/program files (x86)/gnu tools arm embedded/6 2017-q1-update/bin/../lib/gcc/arm-none-eabi/6.3.1/thumb/v8-m.base/crtend.o

.glue_7         0x0000aa00        0x0
 .glue_7        0x0000aa00        0x0 linker stubs

.glue_7t        0x0000aa00        0x0
 .glue_7t       0x0000aa00        0x0 linker stubs

.vfp11_veneer   0x0000aa00        0x0
 .vfp11_veneer  0x0000aa00        0x0 linker stubs

.v4_bx          0x0000aa00        0x0
 .v4_bx         0x0000aa00        0x0 linker stubs

.iplt           0x0000aa00        0x0
 .iplt          0x0000aa00        0x0 c:/program files (x86)/gnu tools arm embedded/6 2017-q1-update/bin/../lib/gcc/arm-none-eabi/6.3.1/thumb/v8-m.base/crtbegin.o
                0x00036000                . = FW_STS_MEM_START

.fwStsMemBlock  0x00051000      0x800
 *(.flash_d)
 .flash_d       0x00051000      0x800 ./Core/Src/main.o
                0x00051000                flash_firmsts_data

.ARM.extab
 *(.ARM.extab* .gnu.linkonce.armextab.*)
                0x00051800                __exidx_start = .

.ARM.exidx      0x0000aa00        0x8
 *(.ARM.exidx* .gnu.linkonce.armexidx.*)
 .ARM.exidx     0x0000aa00        0x8 c:/program files (x86)/gnu tools arm embedded/6 2017-q1-update/bin/../lib/gcc/arm-none-eabi/6.3.1/../../../../arm-none-eabi/lib/thumb/v8-m.base/crt0.o
                0x0000aa08                __exidx_end = .
                0x0000aa08                __etext = .

.rel.dyn        0x0000aa08        0x0
 .rel.iplt      0x0000aa08        0x0 c:/program files (x86)/gnu tools arm embedded/6 2017-q1-update/bin/../lib/gcc/arm-none-eabi/6.3.1/thumb/v8-m.base/crtbegin.o

.stack_dummy    0x20000000     0x1000
 *(.stack*)
 .stack         0x20000000     0x1000 ./Middleware/CMSIS/GCC/startup_M2354.o
                0x20001000                __StackTop = (ORIGIN (RAM) + SIZEOF (.stack_dummy))
                0x20000000                __StackLimit = ORIGIN (RAM)
                0x20001000                PROVIDE (__stack, __StackTop)

.data           0x20000000     0x11e0 load address 0x0000aa08
                0x20000000                __data_start__ = .
                0x00001000                . = SIZEOF (.stack_dummy)
 *fill*         0x20000000     0x1000 
 *(vtable)
 *(.data*)
 .data.uxCriticalNesting
                0x20001000        0x4 ./Middleware/FreeRTOS/portable/GCC/ARM_CM0/port.o
 .data.uxTopUsedPriority
                0x20001004        0x4 ./Middleware/FreeRTOS/tasks.o
                0x20001004                uxTopUsedPriority
 .data.CyclesPerUs
                0x20001008        0x4 ./Middleware/CMSIS/system_M2354.o
                0x20001008                CyclesPerUs
 .data.PllClock
                0x2000100c        0x4 ./Middleware/CMSIS/system_M2354.o
                0x2000100c                PllClock
 .data.SystemCoreClock
                0x20001010        0x4 ./Middleware/CMSIS/system_M2354.o
                0x20001010                SystemCoreClock
 .data.XENO_device_id
                0x20001014        0x1 ./Core/Src/ATcmds.o
                0x20001014                XENO_device_id
 *fill*         0x20001015        0x3 
 .data.app_swver
                0x20001018       0x96 ./Core/Src/ATcmds.o
                0x20001018                app_swver
 *fill*         0x200010ae        0x2 
 .data.devinfo  0x200010b0       0x5a ./Core/Src/ATcmds.o
                0x200010b0                devinfo
 *fill*         0x2000110a        0x2 
 .data.wifi_ap_cfg
                0x2000110c       0x64 ./Core/Src/ATcmds.o
                0x2000110c                wifi_ap_cfg
 .data._impure_ptr
                0x20001170        0x4 c:/program files (x86)/gnu tools arm embedded/6 2017-q1-update/bin/../lib/gcc/arm-none-eabi/6.3.1/../../../../arm-none-eabi/lib/thumb/v8-m.base\libg_nano.a(lib_a-impure.o)
                0x20001170                _impure_ptr
 .data.impure_data
                0x20001174       0x60 c:/program files (x86)/gnu tools arm embedded/6 2017-q1-update/bin/../lib/gcc/arm-none-eabi/6.3.1/../../../../arm-none-eabi/lib/thumb/v8-m.base\libg_nano.a(lib_a-impure.o)
                0x200011d4                . = ALIGN (0x4)
                0x200011d4                PROVIDE (__preinit_array_start, .)
 *(.preinit_array)
                0x200011d4                PROVIDE (__preinit_array_end, .)
                0x200011d4                . = ALIGN (0x4)
                0x200011d4                PROVIDE (__init_array_start, .)
 *(SORT(.init_array.*))
 *(.init_array)
 .init_array    0x200011d4        0x4 c:/program files (x86)/gnu tools arm embedded/6 2017-q1-update/bin/../lib/gcc/arm-none-eabi/6.3.1/thumb/v8-m.base/crtbegin.o
                0x200011d8                PROVIDE (__init_array_end, .)
                0x200011d8                . = ALIGN (0x4)
                [!provide]                PROVIDE (__fini_array_start, .)
 *(SORT(.fini_array.*))
 *(.fini_array)
 .fini_array    0x200011d8        0x4 c:/program files (x86)/gnu tools arm embedded/6 2017-q1-update/bin/../lib/gcc/arm-none-eabi/6.3.1/thumb/v8-m.base/crtbegin.o
                [!provide]                PROVIDE (__fini_array_end, .)
 *(.jcr*)
 .jcr           0x200011dc        0x0 c:/program files (x86)/gnu tools arm embedded/6 2017-q1-update/bin/../lib/gcc/arm-none-eabi/6.3.1/thumb/v8-m.base/crtbegin.o
 .jcr           0x200011dc        0x4 c:/program files (x86)/gnu tools arm embedded/6 2017-q1-update/bin/../lib/gcc/arm-none-eabi/6.3.1/thumb/v8-m.base/crtend.o
                0x200011e0                . = ALIGN (0x4)
                0x200011e0                __data_end__ = .

.igot.plt       0x200011e0        0x0 load address 0x0000bbe8
 .igot.plt      0x200011e0        0x0 c:/program files (x86)/gnu tools arm embedded/6 2017-q1-update/bin/../lib/gcc/arm-none-eabi/6.3.1/thumb/v8-m.base/crtbegin.o

.bss            0x200011e0    0x2c524 load address 0x0000bbe8
                0x200011e0                . = ALIGN (0x4)
                0x200011e0                __bss_start__ = .
 *(.bss*)
 .bss           0x200011e0       0x1c c:/program files (x86)/gnu tools arm embedded/6 2017-q1-update/bin/../lib/gcc/arm-none-eabi/6.3.1/thumb/v8-m.base/crtbegin.o
 .bss.pxEnd     0x200011fc        0x4 ./Middleware/FreeRTOS/portable/MemMang/heap_4.o
 .bss.ucHeap    0x20001200    0x20000 ./Middleware/FreeRTOS/portable/MemMang/heap_4.o
 .bss.xBlockAllocatedBit
                0x20021200        0x4 ./Middleware/FreeRTOS/portable/MemMang/heap_4.o
 .bss.xFreeBytesRemaining
                0x20021204        0x4 ./Middleware/FreeRTOS/portable/MemMang/heap_4.o
 .bss.xMinimumEverFreeBytesRemaining
                0x20021208        0x4 ./Middleware/FreeRTOS/portable/MemMang/heap_4.o
 .bss.xNumberOfSuccessfulAllocations
                0x2002120c        0x4 ./Middleware/FreeRTOS/portable/MemMang/heap_4.o
 .bss.xNumberOfSuccessfulFrees
                0x20021210        0x4 ./Middleware/FreeRTOS/portable/MemMang/heap_4.o
 .bss.xStart    0x20021214        0x8 ./Middleware/FreeRTOS/portable/MemMang/heap_4.o
 .bss.pxCurrentTCB
                0x2002121c        0x4 ./Middleware/FreeRTOS/tasks.o
                0x2002121c                pxCurrentTCB
 .bss.pxDelayedTaskList
                0x20021220        0x4 ./Middleware/FreeRTOS/tasks.o
 .bss.pxOverflowDelayedTaskList
                0x20021224        0x4 ./Middleware/FreeRTOS/tasks.o
 .bss.pxReadyTasksLists
                0x20021228       0xa0 ./Middleware/FreeRTOS/tasks.o
 .bss.uxCurrentNumberOfTasks
                0x200212c8        0x4 ./Middleware/FreeRTOS/tasks.o
 .bss.uxDeletedTasksWaitingCleanUp
                0x200212cc        0x4 ./Middleware/FreeRTOS/tasks.o
 .bss.uxSchedulerSuspended
                0x200212d0        0x4 ./Middleware/FreeRTOS/tasks.o
 .bss.uxTaskNumber
                0x200212d4        0x4 ./Middleware/FreeRTOS/tasks.o
 .bss.uxTopReadyPriority
                0x200212d8        0x4 ./Middleware/FreeRTOS/tasks.o
 .bss.xDelayedTaskList1
                0x200212dc       0x14 ./Middleware/FreeRTOS/tasks.o
 .bss.xDelayedTaskList2
                0x200212f0       0x14 ./Middleware/FreeRTOS/tasks.o
 .bss.xIdleTaskHandle
                0x20021304        0x4 ./Middleware/FreeRTOS/tasks.o
 .bss.xNextTaskUnblockTime
                0x20021308        0x4 ./Middleware/FreeRTOS/tasks.o
 .bss.xNumOfOverflows
                0x2002130c        0x4 ./Middleware/FreeRTOS/tasks.o
 .bss.xPendedTicks
                0x20021310        0x4 ./Middleware/FreeRTOS/tasks.o
 .bss.xPendingReadyList
                0x20021314       0x14 ./Middleware/FreeRTOS/tasks.o
 .bss.xSchedulerRunning
                0x20021328        0x4 ./Middleware/FreeRTOS/tasks.o
 .bss.xSuspendedTaskList
                0x2002132c       0x14 ./Middleware/FreeRTOS/tasks.o
 .bss.xTasksWaitingTermination
                0x20021340       0x14 ./Middleware/FreeRTOS/tasks.o
 .bss.xTickCount
                0x20021354        0x4 ./Middleware/FreeRTOS/tasks.o
 .bss.xYieldPending
                0x20021358        0x4 ./Middleware/FreeRTOS/tasks.o
 .bss.pxCurrentTimerList
                0x2002135c        0x4 ./Middleware/FreeRTOS/timers.o
 .bss.pxOverflowTimerList
                0x20021360        0x4 ./Middleware/FreeRTOS/timers.o
 .bss.xActiveTimerList1
                0x20021364       0x14 ./Middleware/FreeRTOS/timers.o
 .bss.xActiveTimerList2
                0x20021378       0x14 ./Middleware/FreeRTOS/timers.o
 .bss.xLastTime.5481
                0x2002138c        0x4 ./Middleware/FreeRTOS/timers.o
 .bss.xTimerQueue
                0x20021390        0x4 ./Middleware/FreeRTOS/timers.o
 .bss.xTimerTaskHandle
                0x20021394        0x4 ./Middleware/FreeRTOS/timers.o
 .bss.gu8LockCanIf
                0x20021398        0x2 ./Middleware/Drivers/src/can.o
 *fill*         0x2002139a        0x2 
 .bss.Print_buf
                0x2002139c      0x3e8 ./Core/Src/ATcmds.o
 .bss.at_cmd_mode_active
                0x20021784        0x1 ./Core/Src/ATcmds.o
                0x20021784                at_cmd_mode_active
 *fill*         0x20021785        0x3 
 .bss.W25Q_RxBuf
                0x20021788      0x7d0 ./Core/Src/EXT_FLASH_SPI.o
 .bss.W25Q_TxBuf
                0x20021f58      0x7d0 ./Core/Src/EXT_FLASH_SPI.o
 .bss.rdsr_buff
                0x20022728        0xa ./Core/Src/EXT_FLASH_SPI.o
 *fill*         0x20022732        0x2 
 .bss.SEN_timer_st
                0x20022734       0x20 ./Core/Src/SENSOR_Task.o
 .bss.cur_sen_sm_state
                0x20022754        0x1 ./Core/Src/SENSOR_Task.o
 *fill*         0x20022755        0x3 
 .bss.ipcmesg_sen_obj
                0x20022758       0xfa ./Core/Src/SENSOR_Task.o
 .bss.nex_sen_sm_state
                0x20022852        0x1 ./Core/Src/SENSOR_Task.o
 .bss.wait_for_resp
                0x20022853        0x1 ./Core/Src/SENSOR_Task.o
 .bss.ATBuf     0x20022854      0x320 D:\Ravikala\IOT_KIT_WS\XNO_EX_FLASH_APP\XNO_Elib\libXNO_LIB_V13.a(XNO_DEBUG_TASK.o)
 .bss.DbgUartRx_HAL_Busy_rcvd
                0x20022b74        0x1 D:\Ravikala\IOT_KIT_WS\XNO_EX_FLASH_APP\XNO_Elib\libXNO_LIB_V13.a(XNO_DEBUG_TASK.o)
 .bss.EchoDBG_UART
                0x20022b75        0x1 D:\Ravikala\IOT_KIT_WS\XNO_EX_FLASH_APP\XNO_Elib\libXNO_LIB_V13.a(XNO_DEBUG_TASK.o)
                0x20022b75                EchoDBG_UART
 *fill*         0x20022b76        0x2 
 .bss.RTC_DateBuf
                0x20022b78       0x1e D:\Ravikala\IOT_KIT_WS\XNO_EX_FLASH_APP\XNO_Elib\libXNO_LIB_V13.a(XNO_DEBUG_TASK.o)
 *fill*         0x20022b96        0x2 
 .bss.RTC_TimeBuf
                0x20022b98       0x1e D:\Ravikala\IOT_KIT_WS\XNO_EX_FLASH_APP\XNO_Elib\libXNO_LIB_V13.a(XNO_DEBUG_TASK.o)
 .bss.UartReadyRx
                0x20022bb6        0x1 D:\Ravikala\IOT_KIT_WS\XNO_EX_FLASH_APP\XNO_Elib\libXNO_LIB_V13.a(XNO_DEBUG_TASK.o)
                0x20022bb6                UartReadyRx
 .bss.UartReadyTx
                0x20022bb7        0x1 D:\Ravikala\IOT_KIT_WS\XNO_EX_FLASH_APP\XNO_Elib\libXNO_LIB_V13.a(XNO_DEBUG_TASK.o)
                0x20022bb7                UartReadyTx
 .bss.dbg_rx_ring_buffer
                0x20022bb8      0x7d0 D:\Ravikala\IOT_KIT_WS\XNO_EX_FLASH_APP\XNO_Elib\libXNO_LIB_V13.a(XNO_DEBUG_TASK.o)
 .bss.isDataAvailTx
                0x20023388        0x1 D:\Ravikala\IOT_KIT_WS\XNO_EX_FLASH_APP\XNO_Elib\libXNO_LIB_V13.a(XNO_DEBUG_TASK.o)
                0x20023388                isDataAvailTx
 .bss.isDebugTaskReady
                0x20023389        0x1 D:\Ravikala\IOT_KIT_WS\XNO_EX_FLASH_APP\XNO_Elib\libXNO_LIB_V13.a(XNO_DEBUG_TASK.o)
                0x20023389                isDebugTaskReady
 *fill*         0x2002338a        0x2 
 .bss.scanBufRx
                0x2002338c       0x50 D:\Ravikala\IOT_KIT_WS\XNO_EX_FLASH_APP\XNO_Elib\libXNO_LIB_V13.a(XNO_DEBUG_TASK.o)
 .bss.scanBufTx
                0x200233dc      0x4b0 D:\Ravikala\IOT_KIT_WS\XNO_EX_FLASH_APP\XNO_Elib\libXNO_LIB_V13.a(XNO_DEBUG_TASK.o)
 .bss.scanBufTxCount
                0x2002388c        0x2 D:\Ravikala\IOT_KIT_WS\XNO_EX_FLASH_APP\XNO_Elib\libXNO_LIB_V13.a(XNO_DEBUG_TASK.o)
                0x2002388c                scanBufTxCount
 .bss.tchar     0x2002388e        0x1 D:\Ravikala\IOT_KIT_WS\XNO_EX_FLASH_APP\XNO_Elib\libXNO_LIB_V13.a(XNO_DEBUG_TASK.o)
 .bss.uartoutput
                0x2002388f        0x1 D:\Ravikala\IOT_KIT_WS\XNO_EX_FLASH_APP\XNO_Elib\libXNO_LIB_V13.a(XNO_DEBUG_TASK.o)
 .bss.LTEUartRx_HAL_Busy_rcvd
                0x20023890        0x1 D:\Ravikala\IOT_KIT_WS\XNO_EX_FLASH_APP\XNO_Elib\libXNO_LIB_V13.a(XNO_LTE_TASK.o)
 *fill*         0x20023891        0x3 
 .bss.LTE_PrintBuf
                0x20023894      0x514 D:\Ravikala\IOT_KIT_WS\XNO_EX_FLASH_APP\XNO_Elib\libXNO_LIB_V13.a(XNO_LTE_TASK.o)
 .bss.LTE_PrintBufCount
                0x20023da8        0x2 D:\Ravikala\IOT_KIT_WS\XNO_EX_FLASH_APP\XNO_Elib\libXNO_LIB_V13.a(XNO_LTE_TASK.o)
 *fill*         0x20023daa        0x2 
 .bss.LTE_Resp_code_ring_buf_st
                0x20023dac        0xc D:\Ravikala\IOT_KIT_WS\XNO_EX_FLASH_APP\XNO_Elib\libXNO_LIB_V13.a(XNO_LTE_TASK.o)
 .bss.LTE_Resp_linecnt_ring_buf_st
                0x20023db8        0xc D:\Ravikala\IOT_KIT_WS\XNO_EX_FLASH_APP\XNO_Elib\libXNO_LIB_V13.a(XNO_LTE_TASK.o)
 .bss.LTE_UartReadyRx
                0x20023dc4        0x1 D:\Ravikala\IOT_KIT_WS\XNO_EX_FLASH_APP\XNO_Elib\libXNO_LIB_V13.a(XNO_LTE_TASK.o)
                0x20023dc4                LTE_UartReadyRx
 .bss.LTE_UartReadyTx
                0x20023dc5        0x1 D:\Ravikala\IOT_KIT_WS\XNO_EX_FLASH_APP\XNO_Elib\libXNO_LIB_V13.a(XNO_LTE_TASK.o)
                0x20023dc5                LTE_UartReadyTx
 .bss.LTE_isDateAvailTx
                0x20023dc6        0x1 D:\Ravikala\IOT_KIT_WS\XNO_EX_FLASH_APP\XNO_Elib\libXNO_LIB_V13.a(XNO_LTE_TASK.o)
 *fill*         0x20023dc7        0x1 
 .bss.LTE_rx_respcnt_ring_buffer
                0x20023dc8        0xa D:\Ravikala\IOT_KIT_WS\XNO_EX_FLASH_APP\XNO_Elib\libXNO_LIB_V13.a(XNO_LTE_TASK.o)
 *fill*         0x20023dd2        0x2 
 .bss.LTE_rx_respcode_ring_buffer
                0x20023dd4       0x14 D:\Ravikala\IOT_KIT_WS\XNO_EX_FLASH_APP\XNO_Elib\libXNO_LIB_V13.a(XNO_LTE_TASK.o)
 .bss.LTE_rxring_buffer
                0x20023de8      0x7d0 D:\Ravikala\IOT_KIT_WS\XNO_EX_FLASH_APP\XNO_Elib\libXNO_LIB_V13.a(XNO_LTE_TASK.o)
 .bss.cur_resp_line_cnt
                0x200245b8        0x1 D:\Ravikala\IOT_KIT_WS\XNO_EX_FLASH_APP\XNO_Elib\libXNO_LIB_V13.a(XNO_LTE_TASK.o)
 .bss.cur_resp_rcvd
                0x200245b9        0x1 D:\Ravikala\IOT_KIT_WS\XNO_EX_FLASH_APP\XNO_Elib\libXNO_LIB_V13.a(XNO_LTE_TASK.o)
 .bss.eol_cnt   0x200245ba        0x2 D:\Ravikala\IOT_KIT_WS\XNO_EX_FLASH_APP\XNO_Elib\libXNO_LIB_V13.a(XNO_LTE_TASK.o)
 .bss.lte_timer
                0x200245bc       0x20 D:\Ravikala\IOT_KIT_WS\XNO_EX_FLASH_APP\XNO_Elib\libXNO_LIB_V13.a(XNO_LTE_TASK.o)
 .bss.rx_resp_idx
                0x200245dc        0x2 D:\Ravikala\IOT_KIT_WS\XNO_EX_FLASH_APP\XNO_Elib\libXNO_LIB_V13.a(XNO_LTE_TASK.o)
 *fill*         0x200245de        0x2 
 .bss.rx_resp_line_str
                0x200245e0      0x9c4 D:\Ravikala\IOT_KIT_WS\XNO_EX_FLASH_APP\XNO_Elib\libXNO_LIB_V13.a(XNO_LTE_TASK.o)
 .bss.rx_resp_line_str_len
                0x20024fa4        0x2 D:\Ravikala\IOT_KIT_WS\XNO_EX_FLASH_APP\XNO_Elib\libXNO_LIB_V13.a(XNO_LTE_TASK.o)
 *fill*         0x20024fa6        0x2 
 .bss.defined_can_st
                0x20024fa8        0x4 D:\Ravikala\IOT_KIT_WS\XNO_EX_FLASH_APP\XNO_Elib\libXNO_LIB_V13.a(nuv_m2354_hal_can.o)
 .bss.defined_eadc_st
                0x20024fac        0x8 D:\Ravikala\IOT_KIT_WS\XNO_EX_FLASH_APP\XNO_Elib\libXNO_LIB_V13.a(nuv_m2354_hal_eadc.o)
 .bss.defined_eint_st
                0x20024fb4       0x18 D:\Ravikala\IOT_KIT_WS\XNO_EX_FLASH_APP\XNO_Elib\libXNO_LIB_V13.a(nuv_m2354_hal_eint.o)
 .bss.defined_spi_st
                0x20024fcc       0x10 D:\Ravikala\IOT_KIT_WS\XNO_EX_FLASH_APP\XNO_Elib\libXNO_LIB_V13.a(nuv_m2354_hal_master_spi.o)
 .bss.TimeOutCnt
                0x20024fdc        0x4 D:\Ravikala\IOT_KIT_WS\XNO_EX_FLASH_APP\XNO_Elib\libXNO_LIB_V13.a(nuv_m2354_hal_uart.o)
 .bss.defined_uart_st
                0x20024fe0       0x18 D:\Ravikala\IOT_KIT_WS\XNO_EX_FLASH_APP\XNO_Elib\libXNO_LIB_V13.a(nuv_m2354_hal_uart.o)
 .bss.atcmd_rcvd
                0x20024ff8     0x1e82 D:\Ravikala\IOT_KIT_WS\XNO_EX_FLASH_APP\XNO_Elib\libXNO_LIB_V13.a(AT_Parser.o)
 .bss.valid_ext_atcmd_rcvd
                0x20026e7a        0x1 D:\Ravikala\IOT_KIT_WS\XNO_EX_FLASH_APP\XNO_Elib\libXNO_LIB_V13.a(AT_Parser.o)
                0x20026e7a                valid_ext_atcmd_rcvd
 .bss.valid_int_atcmd_rcvd
                0x20026e7b        0x1 D:\Ravikala\IOT_KIT_WS\XNO_EX_FLASH_APP\XNO_Elib\libXNO_LIB_V13.a(AT_Parser.o)
                0x20026e7b                valid_int_atcmd_rcvd
 .bss.__malloc_free_list
                0x20026e7c        0x4 c:/program files (x86)/gnu tools arm embedded/6 2017-q1-update/bin/../lib/gcc/arm-none-eabi/6.3.1/../../../../arm-none-eabi/lib/thumb/v8-m.base\libg_nano.a(lib_a-nano-mallocr.o)
                0x20026e7c                __malloc_free_list
 .bss.__malloc_sbrk_start
                0x20026e80        0x4 c:/program files (x86)/gnu tools arm embedded/6 2017-q1-update/bin/../lib/gcc/arm-none-eabi/6.3.1/../../../../arm-none-eabi/lib/thumb/v8-m.base\libg_nano.a(lib_a-nano-mallocr.o)
                0x20026e80                __malloc_sbrk_start
 .bss.heap_end.4116
                0x20026e84        0x4 c:/program files (x86)/gnu tools arm embedded/6 2017-q1-update/bin/../lib/gcc/arm-none-eabi/6.3.1/../../../../arm-none-eabi/lib/thumb/v8-m.base\libnosys.a(sbrk.o)
 *(COMMON)
 COMMON         0x20026e88       0x40 ./Middleware/FreeRTOS/queue.o
                0x20026e88                xQueueRegistry
 COMMON         0x20026ec8        0x4 ./Middleware/CMSIS/GCC/_syscalls.o
                0x20026ec8                errno
 COMMON         0x20026ecc       0xc8 ./Core/Src/SENSOR_Task.o
                0x20026ecc                W25Q_FLASH
                0x20026f48                W25Q_CS
                0x20026f50                dev_mac_id
                0x20026f60                ipcmesg_sen
 COMMON         0x20026f94       0xe8 ./Core/Src/main.o
                0x20026f94                wifi_timer_st
                0x20026fb4                NDP_timer_st
                0x20026fd4                dbg_uart_task_param_st
                0x20027008                TaskHandle3
                0x2002700c                TaskHandle5
                0x20027010                TaskHandle6
                0x20027014                TaskHandle2
                0x20027018                TaskHandle4
                0x2002701c                TaskHandle1
                0x20027020                sWriteRTC
                0x20027044                modem_uart_task_param_st
                0x20027078                dbg_parser_task_param_st
 COMMON         0x2002707c     0x1800 D:\Ravikala\IOT_KIT_WS\XNO_EX_FLASH_APP\XNO_Elib\libXNO_LIB_V13.a(XNO_DEBUG_TASK.o)
                0x2002707c                DbgParserTaskHandle
                0x20027080                DBG_UART
                0x200270e0                DbgInterruptTaskHandle
                0x200270e4                Dbg_txring_buffer
                0x200278b4                Dbg_rxring_buf
                0x200278c0                DbgTaskHandle
                0x200278c4                Dbg_txring_buf
                0x200278d0                Echo_txring_buffer
                0x200280a0                Echo_txring_buf
                0x200280ac                PrintBuf
 COMMON         0x2002887c     0x4e80 D:\Ravikala\IOT_KIT_WS\XNO_EX_FLASH_APP\XNO_Elib\libXNO_LIB_V13.a(XNO_LTE_TASK.o)
                0x2002887c                LTE_resp_parsed
                0x20028fb8                LTE_ctx
                0x2002902c                lte_task_param
                0x20029030                resp_st
                0x20029610                uartBufRx
                0x20029bec                LTE_rxring_buf
                0x20029bf8                LTE_resp_st
                0x2002d69c                LTE_UART
 COMMON         0x2002d6fc        0x6 D:\Ravikala\IOT_KIT_WS\XNO_EX_FLASH_APP\XNO_Elib\libXNO_LIB_V13.a(AT_Parser.o)
                0x2002d6fc                xno_atcmd_ext_list_ptr
                0x2002d700                xno_atcmd_ext_list_len
                0x2002d704                . = ALIGN (0x4)
 *fill*         0x2002d702        0x2 
                0x2002d704                __bss_end__ = .

.heap           0x2002d708     0x2800
                0x2002d708                __HeapBase = .
                0x2002d708                __end__ = .
                0x2002d708                end = __end__
 *(.heap*)
 .heap          0x2002d708     0x2800 ./Middleware/CMSIS/GCC/startup_M2354.o
                0x2002ff08                __HeapLimit = .
OUTPUT(XNO_EX_FLASH_APP.elf elf32-littlearm)

.ARM.attributes
                0x00000000       0x2c
 .ARM.attributes
                0x00000000       0x22 c:/program files (x86)/gnu tools arm embedded/6 2017-q1-update/bin/../lib/gcc/arm-none-eabi/6.3.1/thumb/v8-m.base/crti.o
 .ARM.attributes
                0x00000022       0x30 c:/program files (x86)/gnu tools arm embedded/6 2017-q1-update/bin/../lib/gcc/arm-none-eabi/6.3.1/thumb/v8-m.base/crtbegin.o
 .ARM.attributes